Component: ARM Compiler 5.06 update 6 (build 750) Tool: armlink [4d35ed]

==============================================================================

Section Cross References

    main.o(i.advertising_init) refers to memseta.o(.text) for __aeabi_memclr4
    main.o(i.advertising_init) refers to ble_advertising.o(i.ble_advertising_init) for ble_advertising_init
    main.o(i.advertising_init) refers to app_error.o(i.app_error_handler_bare) for app_error_handler_bare
    main.o(i.advertising_init) refers to ble_advertising.o(i.ble_advertising_conn_cfg_tag_set) for ble_advertising_conn_cfg_tag_set
    main.o(i.advertising_init) refers to main.o(i.on_adv_evt) for on_adv_evt
    main.o(i.advertising_init) refers to main.o(.bss) for .bss
    main.o(i.advertising_start) refers to nrf_log_frontend.o(i.nrf_log_frontend_std_0) for nrf_log_frontend_std_0
    main.o(i.advertising_start) refers to peer_manager.o(i.pm_peers_delete) for pm_peers_delete
    main.o(i.advertising_start) refers to ble_advertising.o(i.ble_advertising_start) for ble_advertising_start
    main.o(i.advertising_start) refers to app_error.o(i.app_error_handler_bare) for app_error_handler_bare
    main.o(i.advertising_start) refers to nrf_log_frontend.o(log_const_data) for m_nrf_log_app_logs_data_const
    main.o(i.advertising_start) refers to main.o(.bss) for .bss
    main.o(i.alert_notification_error_handler) refers to app_error.o(i.app_error_handler_bare) for app_error_handler_bare
    main.o(i.alert_notification_init) refers to nrf_ble_qwr.o(i.nrf_ble_qwr_init) for nrf_ble_qwr_init
    main.o(i.alert_notification_init) refers to app_error.o(i.app_error_handler_bare) for app_error_handler_bare
    main.o(i.alert_notification_init) refers to memseta.o(.text) for __aeabi_memclr4
    main.o(i.alert_notification_init) refers to ble_ans_c.o(i.ble_ans_c_init) for ble_ans_c_init
    main.o(i.alert_notification_init) refers to main.o(i.nrf_qwr_error_handler) for nrf_qwr_error_handler
    main.o(i.alert_notification_init) refers to main.o(.bss) for .bss
    main.o(i.alert_notification_init) refers to main.o(i.on_ans_c_evt) for on_ans_c_evt
    main.o(i.alert_notification_init) refers to main.o(i.alert_notification_error_handler) for alert_notification_error_handler
    main.o(i.alert_notification_init) refers to main.o(.data) for .data
    main.o(i.alert_notification_setup) refers to ble_ans_c.o(i.ble_ans_c_enable_notif_new_alert) for ble_ans_c_enable_notif_new_alert
    main.o(i.alert_notification_setup) refers to app_error.o(i.app_error_handler_bare) for app_error_handler_bare
    main.o(i.alert_notification_setup) refers to nrf_log_frontend.o(i.nrf_log_frontend_std_0) for nrf_log_frontend_std_0
    main.o(i.alert_notification_setup) refers to ble_ans_c.o(i.ble_ans_c_enable_notif_unread_alert) for ble_ans_c_enable_notif_unread_alert
    main.o(i.alert_notification_setup) refers to main.o(.bss) for .bss
    main.o(i.alert_notification_setup) refers to main.o(.data) for .data
    main.o(i.alert_notification_setup) refers to nrf_log_frontend.o(log_const_data) for m_nrf_log_app_logs_data_const
    main.o(i.all_alert_notify_request) refers to ble_ans_c.o(i.ble_ans_c_unread_alert_notify) for ble_ans_c_unread_alert_notify
    main.o(i.all_alert_notify_request) refers to app_error.o(i.app_error_handler_bare) for app_error_handler_bare
    main.o(i.all_alert_notify_request) refers to nrf_log_frontend.o(i.nrf_log_frontend_std_0) for nrf_log_frontend_std_0
    main.o(i.all_alert_notify_request) refers to ble_ans_c.o(i.ble_ans_c_new_alert_notify) for ble_ans_c_new_alert_notify
    main.o(i.all_alert_notify_request) refers to main.o(.data) for .data
    main.o(i.all_alert_notify_request) refers to nrf_log_frontend.o(log_const_data) for m_nrf_log_app_logs_data_const
    main.o(i.all_alert_notify_request) refers to main.o(.bss) for .bss
    main.o(i.assert_nrf_callback) refers to app_error_handler_keil.o(.emb_text) for app_error_handler
    main.o(i.ble_evt_handler) refers to nrf_log_frontend.o(i.nrf_log_frontend_std_0) for nrf_log_frontend_std_0
    main.o(i.ble_evt_handler) refers to bsp.o(i.bsp_indication_set) for bsp_indication_set
    main.o(i.ble_evt_handler) refers to app_error.o(i.app_error_handler_bare) for app_error_handler_bare
    main.o(i.ble_evt_handler) refers to ble_db_discovery.o(i.ble_db_discovery_start) for ble_db_discovery_start
    main.o(i.ble_evt_handler) refers to nrf_ble_qwr.o(i.nrf_ble_qwr_conn_handle_assign) for nrf_ble_qwr_conn_handle_assign
    main.o(i.ble_evt_handler) refers to main.o(.data) for .data
    main.o(i.ble_evt_handler) refers to nrf_log_frontend.o(log_const_data) for m_nrf_log_app_logs_data_const
    main.o(i.ble_evt_handler) refers to main.o(.bss) for .bss
    main.o(i.bsp_event_handler) refers to main.o(i.sleep_mode_enter) for sleep_mode_enter
    main.o(i.bsp_event_handler) refers to main.o(i.all_alert_notify_request) for all_alert_notify_request
[...]
    0x00027268   0x00027268   0x00000180   Code   RO         2916    i.auth_status_success_process  security_dispatcher.o
    0x000273e8   0x000273e8   0x00000182   Code   RO          826    i.ble_advdata_encode  ble_advdata.o
    0x0002756a   0x0002756a   0x00000020   Code   RO          828    i.ble_advdata_parse  ble_advdata.o
    0x0002758a   0x0002758a   0x00000046   Code   RO          829    i.ble_advdata_search  ble_advdata.o
    0x000275d0   0x000275d0   0x00000006   Code   RO          934    i.ble_advertising_conn_cfg_tag_set  ble_advertising.o
    0x000275d6   0x000275d6   0x000000f8   Code   RO          935    i.ble_advertising_init  ble_advertising.o
    0x000276ce   0x000276ce   0x0000006a   Code   RO          937    i.ble_advertising_on_ble_evt  ble_advertising.o
    0x00027738   0x00027738   0x00000230   Code   RO          940    i.ble_advertising_start  ble_advertising.o
    0x00027968   0x00027968   0x00000054   Code   RO         3231    i.ble_ans_c_control_point_write  ble_ans_c.o
    0x000279bc   0x000279bc   0x0000000a   Code   RO         3232    i.ble_ans_c_disable_notif_new_alert  ble_ans_c.o
    0x000279c6   0x000279c6   0x0000000a   Code   RO         3233    i.ble_ans_c_disable_notif_unread_alert  ble_ans_c.o
    0x000279d0   0x000279d0   0x00000018   Code   RO         3234    i.ble_ans_c_enable_notif_new_alert  ble_ans_c.o
    0x000279e8   0x000279e8   0x00000018   Code   RO         3235    i.ble_ans_c_enable_notif_unread_alert  ble_ans_c.o
    0x00027a00   0x00027a00   0x00000074   Code   RO         3236    i.ble_ans_c_handles_assign  ble_ans_c.o
    0x00027a74   0x00027a74   0x00000090   Code   RO         3237    i.ble_ans_c_init    ble_ans_c.o
    0x00027b04   0x00027b04   0x00000014   Code   RO         3238    i.ble_ans_c_new_alert_notify  ble_ans_c.o
    0x00027b18   0x00027b18   0x00000038   Code   RO         3239    i.ble_ans_c_new_alert_read  ble_ans_c.o
    0x00027b50   0x00027b50   0x0000009e   Code   RO         3240    i.ble_ans_c_on_ble_evt  ble_ans_c.o
    0x00027bee   0x00027bee   0x00000002   PAD
    0x00027bf0   0x00027bf0   0x000000ba   Code   RO         3241    i.ble_ans_c_on_db_disc_evt  ble_ans_c.o
    0x00027caa   0x00027caa   0x00000014   Code   RO         3242    i.ble_ans_c_unread_alert_notify  ble_ans_c.o
    0x00027cbe   0x00027cbe   0x00000002   PAD
    0x00027cc0   0x00027cc0   0x00000038   Code   RO         3243    i.ble_ans_c_unread_alert_read  ble_ans_c.o
    0x00027cf8   0x00027cf8   0x00000068   Code   RO         1025    i.ble_conn_params_init  ble_conn_params.o
    0x00027d60   0x00027d60   0x00000020   Code   RO         1101    i.ble_conn_state_encrypted  ble_conn_state.o
    0x00027d80   0x00027d80   0x0000002c   Code   RO         1103    i.ble_conn_state_for_each_set_user_flag  ble_conn_state.o
    0x00027dac   0x00027dac   0x00000020   Code   RO         1105    i.ble_conn_state_lesc  ble_conn_state.o
    0x00027dcc   0x00027dcc   0x00000020   Code   RO         1106    i.ble_conn_state_mitm_protected  ble_conn_state.o
    0x00027dec   0x00027dec   0x00000024   Code   RO         1109    i.ble_conn_state_role  ble_conn_state.o
    0x00027e10   0x00027e10   0x00000024   Code   RO         1110    i.ble_conn_state_status  ble_conn_state.o
    0x00027e34   0x00027e34   0x00000018   Code   RO         1111    i.ble_conn_state_user_flag_acquire  ble_conn_state.o
    0x00027e4c   0x00027e4c   0x00000030   Code   RO         1112    i.ble_conn_state_user_flag_get  ble_conn_state.o
    0x00027e7c   0x00027e7c   0x00000038   Code   RO         1113    i.ble_conn_state_user_flag_set  ble_conn_state.o
    0x00027eb4   0x00027eb4   0x00000014   Code   RO         1114    i.ble_conn_state_valid  ble_conn_state.o
    0x00027ec8   0x00027ec8   0x00000040   Code   RO         1269    i.ble_db_discovery_evt_register  ble_db_discovery.o
    0x00027f08   0x00027f08   0x00000024   Code   RO         1270    i.ble_db_discovery_init  ble_db_discovery.o
    0x00027f2c   0x00027f2c   0x0000005c   Code   RO         1271    i.ble_db_discovery_on_ble_evt  ble_db_discovery.o
    0x00027f88   0x00027f88   0x00000028   Code   RO         1272    i.ble_db_discovery_start  ble_db_discovery.o
    0x00027fb0   0x00027fb0   0x00000060   Code   RO          832    i.ble_device_addr_encode  ble_advdata.o
    0x00028010   0x00028010   0x000000cc   Code   RO           11    i.ble_evt_handler   main.o
    0x000280dc   0x000280dc   0x00000070   Code   RO          699    i.ble_evt_handler   bsp_btn_ble.o
    0x0002814c   0x0002814c   0x000000fc   Code   RO         1027    i.ble_evt_handler   ble_conn_params.o
    0x00028248   0x00028248   0x00000118   Code   RO         1115    i.ble_evt_handler   ble_conn_state.o
    0x00028360   0x00028360   0x00000084   Code   RO         2453    i.ble_evt_handler   peer_manager.o
    0x000283e4   0x000283e4   0x00000008   Code   RO         1393    i.ble_srv_is_notification_enabled  ble_srv_common.o
    0x000283ec   0x000283ec   0x0000000c   Code   RO          468    i.bsp_board_button_idx_to_pin  boards.o
    0x000283f8   0x000283f8   0x00000020   Code   RO          469    i.bsp_board_button_state_get  boards.o
    0x00028418   0x00028418   0x00000054   Code   RO          470    i.bsp_board_init    boards.o
    0x0002846c   0x0002846c   0x00000024   Code   RO          472    i.bsp_board_led_invert  boards.o
    0x00028490   0x00028490   0x00000010   Code   RO          473    i.bsp_board_led_off  boards.o
    0x000284a0   0x000284a0   0x00000010   Code   RO          474    i.bsp_board_led_on  boards.o
    0x000284b0   0x000284b0   0x00000020   Code   RO          475    i.bsp_board_led_state_get  boards.o
    0x000284d0   0x000284d0   0x00000012   Code   RO          476    i.bsp_board_leds_off  boards.o
    0x000284e2   0x000284e2   0x00000012   Code   RO          477    i.bsp_board_leds_on  boards.o
    0x000284f4   0x000284f4   0x00000024   Code   RO          478    i.bsp_board_pin_to_button_idx  boards.o
    0x00028518   0x00028518   0x00000038   Code   RO          700    i.bsp_btn_ble_init  bsp_btn_ble.o
    0x00028550   0x00028550   0x0000001e   Code   RO          701    i.bsp_btn_ble_sleep_mode_prepare  bsp_btn_ble.o
    0x0002856e   0x0002856e   0x00000002   PAD
    0x00028570   0x00028570   0x00000090   Code   RO          582    i.bsp_button_event_handler  bsp.o
    0x00028600   0x00028600   0x0000000c   Code   RO          583    i.bsp_button_is_pressed  bsp.o
    0x0002860c   0x0002860c   0x00000058   Code   RO           12    i.bsp_event_handler  main.o
    0x00028664   0x00028664   0x00000044   Code   RO          586    i.bsp_event_to_button_action_assign  bsp.o
    0x000286a8   0x000286a8   0x00000018   Code   RO          587    i.bsp_indication_set  bsp.o
    0x000286c0   0x000286c0   0x00000094   Code   RO          588    i.bsp_init          bsp.o
    0x00028754   0x00028754   0x000001c8   Code   RO          589    i.bsp_led_indication  bsp.o
    0x0002891c   0x0002891c   0x00000006   Code   RO          591    i.bsp_wakeup_button_enable  bsp.o
    0x00028922   0x00028922   0x00000002   PAD
    0x00028924   0x00028924   0x00000094   Code   RO         6784    i.buf_prealloc      nrf_log_frontend.o
    0x000289b8   0x000289b8   0x0000002e   Code   RO         5925    i.buffer_add        nrf_fprintf_format.o
    0x000289e6   0x000289e6   0x00000002   PAD
    0x000289e8   0x000289e8   0x00000018   Code   RO         6785    i.buffer_is_empty   nrf_log_frontend.o
    0x00028a00   0x00028a00   0x00000028   Code   RO         4555    i.button_get        app_button.o
    0x00028a28   0x00028a28   0x00000008   Code   RO          592    i.button_timer_handler  bsp.o
    0x00028a30   0x00028a30   0x00000028   Code   RO         1454    i.car_update_needed  gatt_cache_manager.o
    0x00028a58   0x00028a58   0x00000040   Code   RO         1455    i.car_update_pending_handle  gatt_cache_manager.o
    0x00028a98   0x00028a98   0x00000054   Code   RO         3244    i.cccd_configure    ble_ans_c.o
    0x00028aec   0x00028aec   0x0000001c   Code   RO         3845    i.channel_free      nrfx_gpiote.o
    0x00028b08   0x00028b08   0x00000048   Code   RO         3846    i.channel_port_alloc  nrfx_gpiote.o
    0x00028b50   0x00028b50   0x00000010   Code   RO         3847    i.channel_port_get  nrfx_gpiote.o
    0x00028b60   0x00028b60   0x0000000e   Code   RO         3245    i.char_set          ble_ans_c.o
    0x00028b6e   0x00028b6e   0x00000002   PAD
    0x00028b70   0x00028b70   0x0000006c   Code   RO         1273    i.characteristics_discover  ble_db_discovery.o
    0x00028bdc   0x00028bdc   0x0000003e   Code   RO         2363    i.claim             peer_id.o
    0x00028c1a   0x00028c1a   0x00000002   PAD
    0x00028c1c   0x00028c1c   0x00000028   Code   RO         3360    i.clock_clk_started_notify  nrf_drv_clock.o
    0x00028c44   0x00028c44   0x0000001c   Code   RO         3361    i.clock_irq_handler  nrf_drv_clock.o
    0x00028c60   0x00028c60   0x00000018   Code   RO         4813    i.compare_func      app_timer2.o
    0x00028c78   0x00028c78   0x0000001e   Code   RO         1982    i.conn_handle_id_find  nrf_ble_gq.o
    0x00028c96   0x00028c96   0x0000003e   Code   RO         1116    i.conn_handle_list_get  ble_conn_state.o
    0x00028cd4   0x00028cd4   0x00000088   Code   RO          833    i.conn_int_encode   ble_advdata.o
    0x00028d5c   0x00028d5c   0x00000004   Code   RO           13    i.conn_params_error_handler  main.o
    0x00028d60   0x00028d60   0x00000048   Code   RO         1028    i.conn_params_negotiation  ble_conn_params.o
    0x00028da8   0x00028da8   0x00000044   Code   RO         2917    i.conn_sec_failure  security_dispatcher.o
    0x00028dec   0x00028dec   0x00000050   Code   RO         2766    i.conn_secure       peer_manager_handler.o
    0x00028e3c   0x00028e3c   0x000000c0   Code   RO         1880    i.data_length_update  nrf_ble_gatt.o
    0x00028efc   0x00028efc   0x0000000c   Code   RO           14    i.db_disc_handler   main.o
    0x00028f08   0x00028f08   0x00000030   Code   RO         1456    i.db_update_pending_handle  gatt_cache_manager.o
    0x00028f38   0x00028f38   0x0000000a   Code   RO         2767    i.delayed_conn_secure  peer_manager_handler.o
    0x00028f42   0x00028f42   0x00000002   PAD
    0x00028f44   0x00028f44   0x0000008c   Code   RO         5210    i.delete_execute    fds.o
    0x00028fd0   0x00028fd0   0x000000b8   Code   RO         1274    i.descriptors_discover  ble_db_discovery.o
    0x00029088   0x00029088   0x00000048   Code   RO         4556    i.detection_delay_timeout_handler  app_button.o
    0x000290d0   0x000290d0   0x00000030   Code   RO         1275    i.discovery_available_evt_trigger  ble_db_discovery.o
    0x00029100   0x00029100   0x000000b4   Code   RO         1276    i.discovery_complete_evt_trigger  ble_db_discovery.o
    0x000291b4   0x000291b4   0x00000050   Code   RO         1277    i.discovery_error_handler  ble_db_discovery.o
    0x00029204   0x00029204   0x0000007c   Code   RO         1278    i.discovery_start   ble_db_discovery.o
    0x00029280   0x00029280   0x00000014   Code   RO         6786    i.dropped_sat16_get  nrf_log_frontend.o
    0x00029294   0x00029294   0x00000014   Code   RO         5042    i.drv_rtc_compare_disable  drv_rtc.o
    0x000292a8   0x000292a8   0x0000000e   Code   RO         5045    i.drv_rtc_compare_pending  drv_rtc.o
    0x000292b6   0x000292b6   0x00000050   Code   RO         5046    i.drv_rtc_compare_set  drv_rtc.o
    0x00029306   0x00029306   0x00000008   Code   RO         5047    i.drv_rtc_counter_get  drv_rtc.o
    0x0002930e   0x0002930e   0x00000002   PAD
    0x00029310   0x00029310   0x000000d8   Code   RO         5048    i.drv_rtc_init      drv_rtc.o
    0x000293e8   0x000293e8   0x0000001e   Code   RO         5049    i.drv_rtc_irq_trigger  drv_rtc.o
    0x00029406   0x00029406   0x00000008   Code   RO         5051    i.drv_rtc_overflow_enable  drv_rtc.o
    0x0002940e   0x0002940e   0x00000008   Code   RO         5052    i.drv_rtc_overflow_pending  drv_rtc.o
    0x00029416   0x00029416   0x00000008   Code   RO         5053    i.drv_rtc_start     drv_rtc.o
    0x0002941e   0x0002941e   0x00000008   Code   RO         5054    i.drv_rtc_stop      drv_rtc.o
    0x00029426   0x00029426   0x000000de   Code   RO         5059    i.drv_rtc_windowed_compare_set  drv_rtc.o
    0x00029504   0x00029504   0x0000000a   Code   RO         2918    i.encryption_failure  security_dispatcher.o
    0x0002950e   0x0002950e   0x00000002   PAD
    0x00029510   0x00029510   0x0000004c   Code   RO         6052    i.erase             nrf_fstorage_sd.o
    0x0002955c   0x0002955c   0x00000070   Code   RO         3246    i.event_notify      ble_ans_c.o
    0x000295cc   0x000295cc   0x00000074   Code   RO         5211    i.event_prepare     fds.o
    0x00029640   0x00029640   0x00000020   Code   RO         5212    i.event_send        fds.o
    0x00029660   0x00029660   0x00000054   Code   RO         6053    i.event_send        nrf_fstorage_sd.o
    0x000296b4   0x000296b4   0x00000098   Code   RO         3056    i.events_send_from_err_code  security_manager.o
    0x0002974c   0x0002974c   0x00000012   Code   RO         5060    i.evt_enable        drv_rtc.o
    0x0002975e   0x0002975e   0x00000002   PAD
    0x00029760   0x00029760   0x000000e0   Code   RO         4557    i.evt_handle        app_button.o
    0x00029840   0x00029840   0x00000014   Code   RO         5061    i.evt_pending       drv_rtc.o
    0x00029854   0x00029854   0x0000001c   Code   RO         1457    i.evt_send          gatt_cache_manager.o
    0x00029870   0x00029870   0x0000001c   Code   RO         1619    i.evt_send          gatts_cache_manager.o
    0x0002988c   0x0002988c   0x0000002c   Code   RO         2454    i.evt_send          peer_manager.o
    0x000298b8   0x000298b8   0x0000001c   Code   RO         2919    i.evt_send          security_dispatcher.o
    0x000298d4   0x000298d4   0x0000000c   Code   RO         3057    i.evt_send          security_manager.o
    0x000298e0   0x000298e0   0x000000e0   Code   RO         2104    i.fds_evt_handler   peer_data_storage.o
    0x000299c0   0x000299c0   0x00000048   Code   RO         5214    i.fds_file_delete   fds.o
    0x00029a08   0x00029a08   0x00000040   Code   RO         5215    i.fds_gc            fds.o
    0x00029a48   0x00029a48   0x000000e8   Code   RO         5216    i.fds_init          fds.o
    0x00029b30   0x00029b30   0x00000048   Code   RO         5217    i.fds_record_close  fds.o
    0x00029b78   0x00029b78   0x0000000e   Code   RO         5219    i.fds_record_find   fds.o
    0x00029b86   0x00029b86   0x00000010   Code   RO         5220    i.fds_record_find_by_key  fds.o
    0x00029b96   0x00029b96   0x00000010   Code   RO         5221    i.fds_record_find_in_file  fds.o
    0x00029ba6   0x00029ba6   0x00000012   Code   RO         5222    i.fds_record_id_from_desc  fds.o
    0x00029bb8   0x00029bb8   0x0000004c   Code   RO         5224    i.fds_record_open   fds.o
    0x00029c04   0x00029c04   0x00000010   Code   RO         5225    i.fds_record_update  fds.o
    0x00029c14   0x00029c14   0x00000008   Code   RO         5226    i.fds_record_write  fds.o
    0x00029c1c   0x00029c1c   0x00000030   Code   RO         5228    i.fds_register      fds.o
    0x00029c4c   0x00029c4c   0x000000a0   Code   RO         5231    i.fds_stat          fds.o
    0x00029cec   0x00029cec   0x00000014   Code   RO         2105    i.file_id_within_pm_range  peer_data_storage.o
    0x00029d00   0x00029d00   0x00000012   Code   RO         2920    i.flag_id_init      security_dispatcher.o
    0x00029d12   0x00029d12   0x00000012   Code   RO         3058    i.flag_id_init      security_manager.o
    0x00029d24   0x00029d24   0x0000000a   Code   RO         1117    i.flag_toggle       ble_conn_state.o
    0x00029d2e   0x00029d2e   0x00000028   Code   RO          942    i.flags_set         ble_advertising.o
    0x00029d56   0x00029d56   0x00000002   PAD
    0x00029d58   0x00029d58   0x00000030   Code   RO         3059    i.flags_set_from_err_code  security_manager.o
    0x00029d88   0x00029d88   0x00000030   Code   RO         1118    i.for_each_set_flag  ble_conn_state.o
    0x00029db8   0x00029db8   0x00000006   Code   RO         5232    i.fs_event_handler  fds.o
    0x00029dbe   0x00029dbe   0x0000000a   Code   RO         3247    i.gatt_error_handler  ble_ans_c.o
    0x00029dc8   0x00029dc8   0x0000002c   Code   RO         1983    i.gattc_write_alloc  nrf_ble_gq.o
    0x00029df4   0x00029df4   0x0000003e   Code   RO         1984    i.gatts_hvx_alloc   nrf_ble_gq.o
    0x00029e32   0x00029e32   0x00000002   PAD
    0x00029e34   0x00029e34   0x00000080   Code   RO         5233    i.gc_execute        fds.o
    0x00029eb4   0x00029eb4   0x0000004c   Code   RO         5234    i.gc_next_page      fds.o
    0x00029f00   0x00029f00   0x00000040   Code   RO         5235    i.gc_page_erase     fds.o
    0x00029f40   0x00029f40   0x00000034   Code   RO         5236    i.gc_record_copy    fds.o
    0x00029f74   0x00029f74   0x00000024   Code   RO         5237    i.gc_record_find_next  fds.o
    0x00029f98   0x00029f98   0x00000070   Code   RO         5238    i.gc_state_advance  fds.o
    0x0002a008   0x0002a008   0x00000030   Code   RO         5239    i.gc_swap_pages     fds.o
    0x0002a038   0x0002a038   0x00000230   Code   RO         1458    i.gcm_ble_evt_handler  gatt_cache_manager.o
    0x0002a268   0x0002a268   0x0000003c   Code   RO         1459    i.gcm_im_evt_handler  gatt_cache_manager.o
    0x0002a2a4   0x0002a2a4   0x00000094   Code   RO         1460    i.gcm_init          gatt_cache_manager.o
    0x0002a338   0x0002a338   0x00000088   Code   RO         1463    i.gcm_pdb_evt_handler  gatt_cache_manager.o
    0x0002a3c0   0x0002a3c0   0x00000034   Code   RO         4814    i.get_now           app_timer2.o
    0x0002a3f4   0x0002a3f4   0x0000003c   Code   RO         4558    i.gpiote_event_handler  app_button.o
    0x0002a430   0x0002a430   0x0000001c   Code   RO         1620    i.gscm_db_change_notification_done  gatts_cache_manager.o
    0x0002a44c   0x0002a44c   0x00000014   Code   RO         1621    i.gscm_init         gatts_cache_manager.o
    0x0002a460   0x0002a460   0x00000090   Code   RO         1623    i.gscm_local_db_cache_apply  gatts_cache_manager.o
    0x0002a4f0   0x0002a4f0   0x00000148   Code   RO         1624    i.gscm_local_db_cache_update  gatts_cache_manager.o
    0x0002a638   0x0002a638   0x00000018   Code   RO         1625    i.gscm_pdb_evt_handler  gatts_cache_manager.o
    0x0002a650   0x0002a650   0x0000001e   Code   RO         1626    i.gscm_service_changed_ind_needed  gatts_cache_manager.o
    0x0002a66e   0x0002a66e   0x00000002   PAD
    0x0002a670   0x0002a670   0x0000005c   Code   RO         1627    i.gscm_service_changed_ind_send  gatts_cache_manager.o
    0x0002a6cc   0x0002a6cc   0x00000168   Code   RO           15    i.handle_alert_notification  main.o
    0x0002a834   0x0002a834   0x0000002c   Code   RO         5240    i.header_check      fds.o
    0x0002a860   0x0002a860   0x00000012   Code   RO         5241    i.header_has_next   fds.o
    0x0002a872   0x0002a872   0x00000046   Code   RO         1716    i.im_address_resolve  id_manager.o
    0x0002a8b8   0x0002a8b8   0x00000038   Code   RO         1717    i.im_ble_addr_get   id_manager.o
    0x0002a8f0   0x0002a8f0   0x000000dc   Code   RO         1718    i.im_ble_evt_handler  id_manager.o
    0x0002a9cc   0x0002a9cc   0x00000040   Code   RO         1719    i.im_conn_handle_get  id_manager.o
    0x0002aa0c   0x0002aa0c   0x00000038   Code   RO         1721    i.im_find_duplicate_bonding_data  id_manager.o
    0x0002aa44   0x0002aa44   0x00000072   Code   RO         1724    i.im_is_duplicate_bonding_data  id_manager.o
    0x0002aab6   0x0002aab6   0x00000018   Code   RO         1725    i.im_master_id_is_valid  id_manager.o
    0x0002aace   0x0002aace   0x0000002a   Code   RO         1726    i.im_master_ids_compare  id_manager.o
    0x0002aaf8   0x0002aaf8   0x00000014   Code   RO         1727    i.im_new_peer_id    id_manager.o
    0x0002ab0c   0x0002ab0c   0x0000002c   Code   RO         1728    i.im_peer_free      id_manager.o
    0x0002ab38   0x0002ab38   0x00000024   Code   RO         1729    i.im_peer_id_get_by_conn_handle  id_manager.o
    0x0002ab5c   0x0002ab5c   0x0000003c   Code   RO         1730    i.im_peer_id_get_by_master_id  id_manager.o
    0x0002ab98   0x0002ab98   0x00000034   Code   RO         6054    i.init              nrf_fstorage_sd.o
    0x0002abcc   0x0002abcc   0x000000c4   Code   RO         5242    i.init_execute      fds.o
    0x0002ac90   0x0002ac90   0x00000014   Code   RO         1029    i.instance_get      ble_conn_params.o
    0x0002aca4   0x0002aca4   0x000000a6   Code   RO         5926    i.int_print         nrf_fprintf_format.o
    0x0002ad4a   0x0002ad4a   0x00000002   PAD
    0x0002ad4c   0x0002ad4c   0x00000088   Code   RO         4392    i.interrupts_enable  nrfx_uarte.o
    0x0002add4   0x0002add4   0x00000034   Code   RO         6787    i.invalid_packets_omit  nrf_log_frontend.o
    0x0002ae08   0x0002ae08   0x00000010   Code   RO         6055    i.is_busy           nrf_fstorage_sd.o
    0x0002ae18   0x0002ae18   0x00000044   Code   RO         1030    i.is_conn_params_ok  ble_conn_params.o
    0x0002ae5c   0x0002ae5c   0x0000004c   Code   RO         1279    i.is_desc_discovery_reqd  ble_db_discovery.o
    0x0002aea8   0x0002aea8   0x00000026   Code   RO         3248    i.is_valid_ans_srv_discovered  ble_ans_c.o
    0x0002aece   0x0002aece   0x00000014   Code   RO         1735    i.is_valid_irk      id_manager.o
    0x0002aee2   0x0002aee2   0x0000000c   Code   RO         5243    i.is_word_aligned   fds.o
    0x0002aeee   0x0002aeee   0x00000002   PAD
    0x0002aef0   0x0002aef0   0x00000030   Code   RO          593    i.leds_off          bsp.o
    0x0002af20   0x0002af20   0x00000014   Code   RO          594    i.leds_timer_handler  bsp.o
    0x0002af34   0x0002af34   0x00000014   Code   RO         1881    i.link_init         nrf_ble_gatt.o
    0x0002af48   0x0002af48   0x000000d0   Code   RO         3060    i.link_secure       security_manager.o
    0x0002b018   0x0002b018   0x0000003c   Code   RO         2921    i.link_secure_failure  security_dispatcher.o
    0x0002b054   0x0002b054   0x0000002c   Code   RO         3061    i.link_secure_pending_handle  security_manager.o
    0x0002b080   0x0002b080   0x000000a8   Code   RO         1464    i.local_db_apply_in_evt  gatt_cache_manager.o
    0x0002b128   0x0002b128   0x00000010   Code   RO         1465    i.local_db_update   gatt_cache_manager.o
    0x0002b138   0x0002b138   0x00000114   Code   RO         1466    i.local_db_update_in_evt  gatt_cache_manager.o
    0x0002b24c   0x0002b24c   0x00000002   Code   RO         6788    i.log_pending_hook  nrf_log_frontend.o
    0x0002b24e   0x0002b24e   0x00000002   PAD
    0x0002b250   0x0002b250   0x000000a4   Code   RO         6789    i.log_skip          nrf_log_frontend.o
    0x0002b2f4   0x0002b2f4   0x000001b0   Code   RO           16    i.main              main.o
    0x0002b4a4   0x0002b4a4   0x00000064   Code   RO          834    i.manuf_specific_data_encode  ble_advdata.o
    0x0002b508   0x0002b508   0x0000007e   Code   RO         6164    i.memobj_op         nrf_memobj.o
    0x0002b586   0x0002b586   0x00000002   PAD
    0x0002b588   0x0002b588   0x00000030   Code   RO         6790    i.module_idx_get    nrf_log_frontend.o
    0x0002b5b8   0x0002b5b8   0x00000008   Code   RO         2868    i.mutex_lock_status_get  pm_buffer.o
    0x0002b5c0   0x0002b5c0   0x000000a6   Code   RO          835    i.name_encode       ble_advdata.o
    0x0002b666   0x0002b666   0x00000002   PAD
    0x0002b668   0x0002b668   0x000000c8   Code   RO           17    i.new_alert_state_toggle  main.o
    0x0002b730   0x0002b730   0x00000014   Code   RO         3062    i.new_context_get   security_manager.o
    0x0002b744   0x0002b744   0x00000032   Code   RO         3063    i.new_evt           security_manager.o
    0x0002b776   0x0002b776   0x00000030   Code   RO         2364    i.next_id_get       peer_id.o
    0x0002b7a6   0x0002b7a6   0x00000010   Code   RO         5579    i.nrf_atfifo_clear  nrf_atfifo.o
    0x0002b7b6   0x0002b7b6   0x00000026   Code   RO         5581    i.nrf_atfifo_init   nrf_atfifo.o
    0x0002b7dc   0x0002b7dc   0x00000016   Code   RO         5582    i.nrf_atfifo_item_alloc  nrf_atfifo.o
    0x0002b7f2   0x0002b7f2   0x00000016   Code   RO         5583    i.nrf_atfifo_item_free  nrf_atfifo.o
    0x0002b808   0x0002b808   0x00000016   Code   RO         5584    i.nrf_atfifo_item_get  nrf_atfifo.o
    0x0002b81e   0x0002b81e   0x00000016   Code   RO         5585    i.nrf_atfifo_item_put  nrf_atfifo.o
    0x0002b834   0x0002b834   0x00000016   Code   RO         5647    i.nrf_atflags_clear  nrf_atflags.o
    0x0002b84a   0x0002b84a   0x00000020   Code   RO         5649    i.nrf_atflags_fetch_set  nrf_atflags.o
    0x0002b86a   0x0002b86a   0x0000004a   Code   RO         5651    i.nrf_atflags_find_and_set_flag  nrf_atflags.o
    0x0002b8b4   0x0002b8b4   0x00000016   Code   RO         5652    i.nrf_atflags_get   nrf_atflags.o
    0x0002b8ca   0x0002b8ca   0x00000014   Code   RO         5654    i.nrf_atflags_set   nrf_atflags.o
    0x0002b8de   0x0002b8de   0x00000006   Code   RO         5715    i.nrf_atomic_flag_clear_fetch  nrf_atomic.o
    0x0002b8e4   0x0002b8e4   0x00000006   Code   RO         5716    i.nrf_atomic_flag_set  nrf_atomic.o
    0x0002b8ea   0x0002b8ea   0x00000006   Code   RO         5717    i.nrf_atomic_flag_set_fetch  nrf_atomic.o
    0x0002b8f0   0x0002b8f0   0x0000000c   Code   RO         5718    i.nrf_atomic_u32_add  nrf_atomic.o
    0x0002b8fc   0x0002b8fc   0x0000000c   Code   RO         5719    i.nrf_atomic_u32_and  nrf_atomic.o
    0x0002b908   0x0002b908   0x0000000a   Code   RO         5721    i.nrf_atomic_u32_fetch_add  nrf_atomic.o
    0x0002b912   0x0002b912   0x0000000a   Code   RO         5722    i.nrf_atomic_u32_fetch_and  nrf_atomic.o
    0x0002b91c   0x0002b91c   0x0000000a   Code   RO         5723    i.nrf_atomic_u32_fetch_or  nrf_atomic.o
    0x0002b926   0x0002b926   0x0000000a   Code   RO         5724    i.nrf_atomic_u32_fetch_store  nrf_atomic.o
    0x0002b930   0x0002b930   0x0000000c   Code   RO         5728    i.nrf_atomic_u32_or  nrf_atomic.o
    0x0002b93c   0x0002b93c   0x0000000c   Code   RO         5730    i.nrf_atomic_u32_sub  nrf_atomic.o
    0x0002b948   0x0002b948   0x00000044   Code   RO         5849    i.nrf_balloc_alloc  nrf_balloc.o
    0x0002b98c   0x0002b98c   0x00000030   Code   RO         5850    i.nrf_balloc_free   nrf_balloc.o
    0x0002b9bc   0x0002b9bc   0x00000030   Code   RO         5851    i.nrf_balloc_init   nrf_balloc.o
    0x0002b9ec   0x0002b9ec   0x00000010   Code   RO         3848    i.nrf_bitmask_bit_is_set  nrfx_gpiote.o
    0x0002b9fc   0x0002b9fc   0x00000022   Code   RO         1887    i.nrf_ble_gatt_init  nrf_ble_gatt.o
    0x0002ba1e   0x0002ba1e   0x00000002   PAD
    0x0002ba20   0x0002ba20   0x00000150   Code   RO         1888    i.nrf_ble_gatt_on_ble_evt  nrf_ble_gatt.o
    0x0002bb70   0x0002bb70   0x0000006e   Code   RO         1985    i.nrf_ble_gq_conn_handle_register  nrf_ble_gq.o
    0x0002bbde   0x0002bbde   0x00000002   PAD
    0x0002bbe0   0x0002bbe0   0x000000a0   Code   RO         1986    i.nrf_ble_gq_item_add  nrf_ble_gq.o
    0x0002bc80   0x0002bc80   0x00000060   Code   RO         1987    i.nrf_ble_gq_on_ble_evt  nrf_ble_gq.o
    0x0002bce0   0x0002bce0   0x00000016   Code   RO         2063    i.nrf_ble_qwr_conn_handle_assign  nrf_ble_qwr.o
    0x0002bcf6   0x0002bcf6   0x00000024   Code   RO         2064    i.nrf_ble_qwr_init  nrf_ble_qwr.o
    0x0002bd1a   0x0002bd1a   0x000000b6   Code   RO         2065    i.nrf_ble_qwr_on_ble_evt  nrf_ble_qwr.o
    0x0002bdd0   0x0002bdd0   0x0000000e   Code   RO         3706    i.nrf_clock_event_check  nrfx_clock.o
    0x0002bdde   0x0002bdde   0x00000010   Code   RO         3707    i.nrf_clock_event_clear  nrfx_clock.o
    0x0002bdee   0x0002bdee   0x00000002   PAD
    0x0002bdf0   0x0002bdf0   0x00000040   Code   RO         3368    i.nrf_drv_clock_init  nrf_drv_clock.o
    0x0002be30   0x0002be30   0x00000034   Code   RO         3372    i.nrf_drv_clock_lfclk_release  nrf_drv_clock.o
    0x0002be64   0x0002be64   0x00000068   Code   RO         3514    i.nrf_drv_uart_init  nrf_drv_uart.o
    0x0002becc   0x0002becc   0x0000001a   Code   RO         5886    i.nrf_fprintf       nrf_fprintf.o
    0x0002bee6   0x0002bee6   0x00000018   Code   RO         5887    i.nrf_fprintf_buffer_flush  nrf_fprintf.o
    0x0002befe   0x0002befe   0x000001da   Code   RO         5927    i.nrf_fprintf_fmt   nrf_fprintf_format.o
    0x0002c0d8   0x0002c0d8   0x00000138   Code   RO         5967    i.nrf_fstorage_erase  nrf_fstorage.o
    0x0002c210   0x0002c210   0x00000094   Code   RO         5968    i.nrf_fstorage_init  nrf_fstorage.o
    0x0002c2a4   0x0002c2a4   0x00000018   Code   RO         6056    i.nrf_fstorage_sdh_req_handler  nrf_fstorage_sd.o
    0x0002c2bc   0x0002c2bc   0x00000020   Code   RO         6057    i.nrf_fstorage_sdh_state_handler  nrf_fstorage_sd.o
    0x0002c2dc   0x0002c2dc   0x000000a4   Code   RO         6058    i.nrf_fstorage_sys_evt_handler  nrf_fstorage_sd.o
    0x0002c380   0x0002c380   0x000001dc   Code   RO         5974    i.nrf_fstorage_write  nrf_fstorage.o
    0x0002c55c   0x0002c55c   0x00000024   Code   RO          480    i.nrf_gpio_cfg      boards.o
    0x0002c580   0x0002c580   0x00000024   Code   RO         3849    i.nrf_gpio_cfg      nrfx_gpiote.o
    0x0002c5a4   0x0002c5a4   0x00000024   Code   RO         4204    i.nrf_gpio_cfg      nrfx_uart.o
    0x0002c5c8   0x0002c5c8   0x00000024   Code   RO         4393    i.nrf_gpio_cfg      nrfx_uarte.o
    0x0002c5ec   0x0002c5ec   0x00000012   Code   RO         4205    i.nrf_gpio_cfg_default  nrfx_uart.o
    0x0002c5fe   0x0002c5fe   0x00000012   Code   RO         4394    i.nrf_gpio_cfg_default  nrfx_uarte.o
    0x0002c610   0x0002c610   0x00000012   Code   RO         4206    i.nrf_gpio_cfg_input  nrfx_uart.o
    0x0002c622   0x0002c622   0x00000012   Code   RO         4395    i.nrf_gpio_cfg_input  nrfx_uarte.o
    0x0002c634   0x0002c634   0x00000014   Code   RO         4207    i.nrf_gpio_cfg_output  nrfx_uart.o
    0x0002c648   0x0002c648   0x00000014   Code   RO         4396    i.nrf_gpio_cfg_output  nrfx_uarte.o
    0x0002c65c   0x0002c65c   0x00000022   Code   RO         3851    i.nrf_gpio_cfg_sense_set  nrfx_gpiote.o
    0x0002c67e   0x0002c67e   0x00000002   PAD
    0x0002c680   0x0002c680   0x0000002c   Code   RO         3852    i.nrf_gpio_latches_read_and_clear  nrfx_gpiote.o
    0x0002c6ac   0x0002c6ac   0x0000001e   Code   RO         3853    i.nrf_gpio_pin_present_check  nrfx_gpiote.o
    0x0002c6ca   0x0002c6ca   0x00000016   Code   RO          481    i.nrf_gpio_pin_write  boards.o
    0x0002c6e0   0x0002c6e0   0x00000014   Code   RO         3854    i.nrf_gpiote_event_clear  nrfx_gpiote.o
    0x0002c6f4   0x0002c6f4   0x00000010   Code   RO         3855    i.nrf_gpiote_event_is_set  nrfx_gpiote.o
    0x0002c704   0x0002c704   0x0000005c   Code   RO         6791    i.nrf_log_backend_add  nrf_log_frontend.o
    0x0002c760   0x0002c760   0x000000c8   Code   RO         6635    i.nrf_log_backend_serial_put  nrf_log_backend_serial.o
    0x0002c828   0x0002c828   0x00000002   Code   RO         6675    i.nrf_log_backend_uart_flush  nrf_log_backend_uart.o
    0x0002c82a   0x0002c82a   0x00000006   Code   RO         6676    i.nrf_log_backend_uart_init  nrf_log_backend_uart.o
    0x0002c830   0x0002c830   0x0000002c   Code   RO         6677    i.nrf_log_backend_uart_panic_set  nrf_log_backend_uart.o
    0x0002c85c   0x0002c85c   0x00000018   Code   RO         6678    i.nrf_log_backend_uart_put  nrf_log_backend_uart.o
    0x0002c874   0x0002c874   0x00000030   Code   RO         6793    i.nrf_log_color_id_get  nrf_log_frontend.o
    0x0002c8a4   0x0002c8a4   0x0000001c   Code   RO         6748    i.nrf_log_default_backends_init  nrf_log_default_backends.o
    0x0002c8c0   0x0002c8c0   0x00000238   Code   RO         6794    i.nrf_log_frontend_dequeue  nrf_log_frontend.o
    0x0002caf8   0x0002caf8   0x00000008   Code   RO         6796    i.nrf_log_frontend_std_0  nrf_log_frontend.o
    0x0002cb00   0x0002cb00   0x0000000e   Code   RO         6797    i.nrf_log_frontend_std_1  nrf_log_frontend.o
    0x0002cb0e   0x0002cb0e   0x00000010   Code   RO         6798    i.nrf_log_frontend_std_2  nrf_log_frontend.o
    0x0002cb1e   0x0002cb1e   0x00000012   Code   RO         6799    i.nrf_log_frontend_std_3  nrf_log_frontend.o
    0x0002cb30   0x0002cb30   0x00000014   Code   RO         6800    i.nrf_log_frontend_std_4  nrf_log_frontend.o
    0x0002cb44   0x0002cb44   0x000000b0   Code   RO         6977    i.nrf_log_hexdump_entry_process  nrf_log_str_formatter.o
    0x0002cbf4   0x0002cbf4   0x00000028   Code   RO         6803    i.nrf_log_init      nrf_log_frontend.o
    0x0002cc1c   0x0002cc1c   0x00000014   Code   RO         6804    i.nrf_log_module_cnt_get  nrf_log_frontend.o
    0x0002cc30   0x0002cc30   0x0000001c   Code   RO         6807    i.nrf_log_module_name_get  nrf_log_frontend.o
    0x0002cc4c   0x0002cc4c   0x00000028   Code   RO         6808    i.nrf_log_panic     nrf_log_frontend.o
    0x0002cc74   0x0002cc74   0x000000b6   Code   RO         6978    i.nrf_log_std_entry_process  nrf_log_str_formatter.o
    0x0002cd2a   0x0002cd2a   0x00000060   Code   RO         6165    i.nrf_memobj_alloc  nrf_memobj.o
    0x0002cd8a   0x0002cd8a   0x00000032   Code   RO         6166    i.nrf_memobj_free   nrf_memobj.o
    0x0002cdbc   0x0002cdbc   0x00000008   Code   RO         6167    i.nrf_memobj_get    nrf_memobj.o
    0x0002cdc4   0x0002cdc4   0x00000004   Code   RO         6168    i.nrf_memobj_pool_init  nrf_memobj.o
    0x0002cdc8   0x0002cdc8   0x0000001e   Code   RO         6169    i.nrf_memobj_put    nrf_memobj.o
    0x0002cde6   0x0002cde6   0x00000010   Code   RO         6170    i.nrf_memobj_read   nrf_memobj.o
    0x0002cdf6   0x0002cdf6   0x00000010   Code   RO         6171    i.nrf_memobj_write  nrf_memobj.o
    0x0002ce06   0x0002ce06   0x00000002   PAD
    0x0002ce08   0x0002ce08   0x00000028   Code   RO         6243    i.nrf_pwr_mgmt_init  nrf_pwr_mgmt.o
    0x0002ce30   0x0002ce30   0x00000044   Code   RO         6244    i.nrf_pwr_mgmt_run  nrf_pwr_mgmt.o
    0x0002ce74   0x0002ce74   0x0000008e   Code   RO         6314    i.nrf_queue_generic_pop  nrf_queue.o
    0x0002cf02   0x0002cf02   0x00000012   Code   RO         6316    i.nrf_queue_is_empty  nrf_queue.o
    0x0002cf14   0x0002cf14   0x0000001e   Code   RO         6317    i.nrf_queue_is_full  nrf_queue.o
    0x0002cf32   0x0002cf32   0x0000000e   Code   RO         6320    i.nrf_queue_next_idx  nrf_queue.o
    0x0002cf40   0x0002cf40   0x000000b2   Code   RO         6322    i.nrf_queue_push    nrf_queue.o
    0x0002cff2   0x0002cff2   0x00000004   Code   RO           18    i.nrf_qwr_error_handler  main.o
    0x0002cff6   0x0002cff6   0x0000001c   Code   RO         6435    i.nrf_ringbuf_init  nrf_ringbuf.o
    0x0002d012   0x0002d012   0x0000000c   Code   RO         5062    i.nrf_rtc_event_clear  drv_rtc.o
    0x0002d01e   0x0002d01e   0x00000002   PAD
    0x0002d020   0x0002d020   0x00000014   Code   RO         7512    i.nrf_sdh_ble_app_ram_start_get  nrf_sdh_ble.o
    0x0002d034   0x0002d034   0x00000100   Code   RO         7513    i.nrf_sdh_ble_default_cfg_set  nrf_sdh_ble.o
    0x0002d134   0x0002d134   0x00000130   Code   RO         7514    i.nrf_sdh_ble_enable  nrf_sdh_ble.o
    0x0002d264   0x0002d264   0x0000005c   Code   RO         7515    i.nrf_sdh_ble_evts_poll  nrf_sdh_ble.o
    0x0002d2c0   0x0002d2c0   0x00000054   Code   RO         7393    i.nrf_sdh_disable_request  nrf_sdh.o
    0x0002d314   0x0002d314   0x00000074   Code   RO         7394    i.nrf_sdh_enable_request  nrf_sdh.o
    0x0002d388   0x0002d388   0x00000024   Code   RO         7395    i.nrf_sdh_evts_poll  nrf_sdh.o
    0x0002d3ac   0x0002d3ac   0x0000000c   Code   RO         7396    i.nrf_sdh_is_enabled  nrf_sdh.o
    0x0002d3b8   0x0002d3b8   0x0000001c   Code   RO         7398    i.nrf_sdh_request_continue  nrf_sdh.o
    0x0002d3d4   0x0002d3d4   0x0000003c   Code   RO         7566    i.nrf_sdh_soc_evts_poll  nrf_sdh_soc.o
    0x0002d410   0x0002d410   0x0000000a   Code   RO         6493    i.nrf_section_iter_init  nrf_section_iter.o
    0x0002d41a   0x0002d41a   0x00000024   Code   RO         6494    i.nrf_section_iter_item_set  nrf_section_iter.o
    0x0002d43e   0x0002d43e   0x00000020   Code   RO         6495    i.nrf_section_iter_next  nrf_section_iter.o
    0x0002d45e   0x0002d45e   0x00000022   Code   RO         6528    i.nrf_sortlist_add  nrf_sortlist.o
    0x0002d480   0x0002d480   0x00000006   Code   RO         6530    i.nrf_sortlist_peek  nrf_sortlist.o
    0x0002d486   0x0002d486   0x0000000e   Code   RO         6531    i.nrf_sortlist_pop  nrf_sortlist.o
    0x0002d494   0x0002d494   0x0000001e   Code   RO         6532    i.nrf_sortlist_remove  nrf_sortlist.o
    0x0002d4b2   0x0002d4b2   0x00000002   PAD
    0x0002d4b4   0x0002d4b4   0x00000038   Code   RO         6584    i.nrf_strerror_find  nrf_strerror.o
    0x0002d4ec   0x0002d4ec   0x00000014   Code   RO         6585    i.nrf_strerror_get  nrf_strerror.o
    0x0002d500   0x0002d500   0x0000000a   Code   RO         4208    i.nrf_uart_event_check  nrfx_uart.o
    0x0002d50a   0x0002d50a   0x0000000c   Code   RO         4209    i.nrf_uart_event_clear  nrfx_uart.o
    0x0002d516   0x0002d516   0x0000000c   Code   RO         4210    i.nrf_uart_int_enable_check  nrfx_uart.o
    0x0002d522   0x0002d522   0x0000000a   Code   RO         4397    i.nrf_uarte_event_check  nrfx_uarte.o
    0x0002d52c   0x0002d52c   0x0000000c   Code   RO         4398    i.nrf_uarte_event_clear  nrfx_uarte.o
    0x0002d538   0x0002d538   0x00000010   Code   RO         3375    i.nrf_wdt_started   nrf_drv_clock.o
    0x0002d548   0x0002d548   0x0000002c   Code   RO         3712    i.nrfx_clock_enable  nrfx_clock.o
    0x0002d574   0x0002d574   0x00000020   Code   RO         3715    i.nrfx_clock_init   nrfx_clock.o
    0x0002d594   0x0002d594   0x00000030   Code   RO         3718    i.nrfx_clock_lfclk_stop  nrfx_clock.o
    0x0002d5c4   0x0002d5c4   0x00000010   Code   RO         5063    i.nrfx_coredep_delay_us  drv_rtc.o
    0x0002d5d4   0x0002d5d4   0x000000a0   Code   RO         3861    i.nrfx_gpiote_in_event_enable  nrfx_gpiote.o
    0x0002d674   0x0002d674   0x000000cc   Code   RO         3863    i.nrfx_gpiote_in_init  nrfx_gpiote.o
    0x0002d740   0x0002d740   0x00000014   Code   RO         3864    i.nrfx_gpiote_in_is_set  nrfx_gpiote.o
    0x0002d754   0x0002d754   0x00000074   Code   RO         3866    i.nrfx_gpiote_init  nrfx_gpiote.o
    0x0002d7c8   0x0002d7c8   0x00000014   Code   RO         3867    i.nrfx_gpiote_is_init  nrfx_gpiote.o
    0x0002d7dc   0x0002d7dc   0x00000010   Code   RO         4399    i.nrfx_is_in_ram    nrfx_uarte.o
    0x0002d7ec   0x0002d7ec   0x0000003a   Code   RO         4150    i.nrfx_prs_acquire  nrfx_prs.o
    0x0002d826   0x0002d826   0x00000012   Code   RO         4151    i.nrfx_prs_release  nrfx_prs.o
    0x0002d838   0x0002d838   0x00000010   Code   RO         4211    i.nrfx_uart_0_irq_handler  nrfx_uart.o
    0x0002d848   0x0002d848   0x000000d4   Code   RO         4213    i.nrfx_uart_init    nrfx_uart.o
    0x0002d91c   0x0002d91c   0x000000a8   Code   RO         4219    i.nrfx_uart_tx      nrfx_uart.o
    0x0002d9c4   0x0002d9c4   0x00000020   Code   RO         4221    i.nrfx_uart_tx_in_progress  nrfx_uart.o
    0x0002d9e4   0x0002d9e4   0x000000c0   Code   RO         4222    i.nrfx_uart_uninit  nrfx_uart.o
    0x0002daa4   0x0002daa4   0x00000010   Code   RO         4400    i.nrfx_uarte_0_irq_handler  nrfx_uarte.o
    0x0002dab4   0x0002dab4   0x0000006c   Code   RO         4402    i.nrfx_uarte_init   nrfx_uarte.o
    0x0002db20   0x0002db20   0x000000ac   Code   RO         4406    i.nrfx_uarte_tx     nrfx_uarte.o
    0x0002dbcc   0x0002dbcc   0x0000001c   Code   RO         4408    i.nrfx_uarte_tx_in_progress  nrfx_uarte.o
    0x0002dbe8   0x0002dbe8   0x00000108   Code   RO         4409    i.nrfx_uarte_uninit  nrfx_uarte.o
    0x0002dcf0   0x0002dcf0   0x00000018   Code   RO         7610    i.nvmc_config       system_nrf52.o
    0x0002dd08   0x0002dd08   0x000000a4   Code   RO           19    i.on_adv_evt        main.o
    0x0002ddac   0x0002ddac   0x000000a4   Code   RO           20    i.on_ans_c_evt      main.o
    0x0002de50   0x0002de50   0x00000138   Code   RO         1280    i.on_characteristic_discovery_rsp  ble_db_discovery.o
    0x0002df88   0x0002df88   0x000000a8   Code   RO         1889    i.on_connected_evt  nrf_ble_gatt.o
    0x0002e030   0x0002e030   0x000000da   Code   RO         1281    i.on_descriptor_discovery_rsp  ble_db_discovery.o
    0x0002e10a   0x0002e10a   0x00000002   PAD
    0x0002e10c   0x0002e10c   0x000000ac   Code   RO         1890    i.on_exchange_mtu_request_evt  nrf_ble_gatt.o
    0x0002e1b8   0x0002e1b8   0x000000c0   Code   RO         1282    i.on_primary_srv_discovery_rsp  ble_db_discovery.o
    0x0002e278   0x0002e278   0x0000009c   Code   RO         1283    i.on_srv_disc_completion  ble_db_discovery.o
    0x0002e314   0x0002e314   0x00000024   Code   RO         5244    i.page_identify     fds.o
    0x0002e338   0x0002e338   0x0000001c   Code   RO         5245    i.page_offsets_update  fds.o
    0x0002e354   0x0002e354   0x0000006c   Code   RO         5246    i.page_scan         fds.o
    0x0002e3c0   0x0002e3c0   0x0000001c   Code   RO         5247    i.page_tag_write_data  fds.o
    0x0002e3dc   0x0002e3dc   0x00000024   Code   RO         5248    i.page_tag_write_swap  fds.o
    0x0002e400   0x0002e400   0x00000130   Code   RO         5249    i.pages_init        fds.o
    0x0002e530   0x0002e530   0x0000000c   Code   RO         2922    i.pairing           security_dispatcher.o
    0x0002e53c   0x0002e53c   0x00000074   Code   RO         2923    i.pairing_failure   security_dispatcher.o
    0x0002e5b0   0x0002e5b0   0x0000002e   Code   RO         2924    i.pairing_success_evt_send  security_dispatcher.o
    0x0002e5de   0x0002e5de   0x00000006   Code   RO         3064    i.params_reply_pending_handle  security_manager.o
    0x0002e5e4   0x0002e5e4   0x00000020   Code   RO         3065    i.params_req_send   security_manager.o
    0x0002e604   0x0002e604   0x0000001c   Code   RO         2244    i.pdb_evt_send      peer_database.o
    0x0002e620   0x0002e620   0x00000090   Code   RO         2245    i.pdb_init          peer_database.o
    0x0002e6b0   0x0002e6b0   0x0000007c   Code   RO         2246    i.pdb_pds_evt_handler  peer_database.o
    0x0002e72c   0x0002e72c   0x00000006   Code   RO         2247    i.pdb_peer_data_ptr_get  peer_database.o
    0x0002e732   0x0002e732   0x00000002   PAD
    0x0002e734   0x0002e734   0x0000008c   Code   RO         2248    i.pdb_peer_free     peer_database.o
    0x0002e7c0   0x0002e7c0   0x000000dc   Code   RO         2249    i.pdb_write_buf_get  peer_database.o
    0x0002e89c   0x0002e89c   0x00000014   Code   RO         2250    i.pdb_write_buf_release  peer_database.o
    0x0002e8b0   0x0002e8b0   0x00000036   Code   RO         2251    i.pdb_write_buf_store  peer_database.o
    0x0002e8e6   0x0002e8e6   0x00000002   PAD
    0x0002e8e8   0x0002e8e8   0x00000010   Code   RO         2106    i.pds_evt_send      peer_data_storage.o
    0x0002e8f8   0x0002e8f8   0x000000dc   Code   RO         2107    i.pds_init          peer_data_storage.o
    0x0002e9d4   0x0002e9d4   0x00000004   Code   RO         2108    i.pds_next_deleted_peer_id_get  peer_data_storage.o
    0x0002e9d8   0x0002e9d8   0x00000004   Code   RO         2109    i.pds_next_peer_id_get  peer_data_storage.o
    0x0002e9dc   0x0002e9dc   0x00000058   Code   RO         2112    i.pds_peer_data_iterate  peer_data_storage.o
    0x0002ea34   0x0002ea34   0x00000010   Code   RO         2113    i.pds_peer_data_iterate_prepare  peer_data_storage.o
    0x0002ea44   0x0002ea44   0x00000072   Code   RO         2114    i.pds_peer_data_read  peer_data_storage.o
    0x0002eab6   0x0002eab6   0x00000002   PAD
    0x0002eab8   0x0002eab8   0x000000b4   Code   RO         2115    i.pds_peer_data_store  peer_data_storage.o
    0x0002eb6c   0x0002eb6c   0x00000008   Code   RO         2116    i.pds_peer_id_allocate  peer_data_storage.o
    0x0002eb74   0x0002eb74   0x00000016   Code   RO         2117    i.pds_peer_id_free  peer_data_storage.o
    0x0002eb8a   0x0002eb8a   0x00000004   Code   RO         2118    i.pds_peer_id_is_allocated  peer_data_storage.o
    0x0002eb8e   0x0002eb8e   0x00000002   PAD
    0x0002eb90   0x0002eb90   0x000000a8   Code   RO         2120    i.peer_data_delete_process  peer_data_storage.o
    0x0002ec38   0x0002ec38   0x00000030   Code   RO         2121    i.peer_data_find    peer_data_storage.o
    0x0002ec68   0x0002ec68   0x00000024   Code   RO         2122    i.peer_data_id_is_valid  peer_data_storage.o
    0x0002ec8c   0x0002ec8c   0x0000001a   Code   RO         2252    i.peer_data_point_to_buffer  peer_database.o
    0x0002eca6   0x0002eca6   0x00000002   PAD
    0x0002eca8   0x0002eca8   0x0000000c   Code   RO         2365    i.peer_id_allocate  peer_id.o
    0x0002ecb4   0x0002ecb4   0x00000024   Code   RO         2366    i.peer_id_delete    peer_id.o
    0x0002ecd8   0x0002ecd8   0x0000001c   Code   RO         2367    i.peer_id_free      peer_id.o
    0x0002ecf4   0x0002ecf4   0x0000000c   Code   RO         2368    i.peer_id_get_next_deleted  peer_id.o
    0x0002ed00   0x0002ed00   0x00000030   Code   RO         2369    i.peer_id_get_next_used  peer_id.o
    0x0002ed30   0x0002ed30   0x0000000c   Code   RO         2370    i.peer_id_init      peer_id.o
    0x0002ed3c   0x0002ed3c   0x00000014   Code   RO         2371    i.peer_id_is_allocated  peer_id.o
    0x0002ed50   0x0002ed50   0x00000014   Code   RO         2372    i.peer_id_is_deleted  peer_id.o
    0x0002ed64   0x0002ed64   0x0000006c   Code   RO           21    i.peer_manager_init  main.o
    0x0002edd0   0x0002edd0   0x00000012   Code   RO          943    i.phy_is_valid      ble_advertising.o
    0x0002ede2   0x0002ede2   0x00000002   PAD
    0x0002ede4   0x0002ede4   0x0000001c   Code   RO         3885    i.pin_configured_set  nrfx_gpiote.o
    0x0002ee00   0x0002ee00   0x00000018   Code   RO         3886    i.pin_in_use_by_port  nrfx_gpiote.o
    0x0002ee18   0x0002ee18   0x00000018   Code   RO         3887    i.pin_in_use_by_te  nrfx_gpiote.o
    0x0002ee30   0x0002ee30   0x00000064   Code   RO         2869    i.pm_buffer_block_acquire  pm_buffer.o
    0x0002ee94   0x0002ee94   0x00000024   Code   RO         2870    i.pm_buffer_init    pm_buffer.o
    0x0002eeb8   0x0002eeb8   0x00000028   Code   RO         2871    i.pm_buffer_ptr_get  pm_buffer.o
    0x0002eee0   0x0002eee0   0x00000032   Code   RO         2872    i.pm_buffer_release  pm_buffer.o
    0x0002ef12   0x0002ef12   0x00000002   PAD
    0x0002ef14   0x0002ef14   0x00000014   Code   RO         2460    i.pm_conn_sec_status_get  peer_manager.o
    0x0002ef28   0x0002ef28   0x0000001c   Code   RO         2461    i.pm_conn_secure    peer_manager.o
    0x0002ef44   0x0002ef44   0x00000026   Code   RO           22    i.pm_evt_handler    main.o
    0x0002ef6a   0x0002ef6a   0x00000004   Code   RO         2463    i.pm_gcm_evt_handler  peer_manager.o
    0x0002ef6e   0x0002ef6e   0x00000004   Code   RO         2464    i.pm_gscm_evt_handler  peer_manager.o
    0x0002ef72   0x0002ef72   0x00000002   PAD
    0x0002ef74   0x0002ef74   0x00000068   Code   RO         2769    i.pm_handler_disconnect_on_sec_failure  peer_manager_handler.o
    0x0002efdc   0x0002efdc   0x00000244   Code   RO         2770    i.pm_handler_flash_clean  peer_manager_handler.o
    0x0002f220   0x0002f220   0x0000001c   Code   RO         2771    i.pm_handler_flash_clean_on_return  peer_manager_handler.o
    0x0002f23c   0x0002f23c   0x00000054   Code   RO         2772    i.pm_handler_on_pm_evt  peer_manager_handler.o
    0x0002f290   0x0002f290   0x00000310   Code   RO         2773    i.pm_handler_pm_evt_log  peer_manager_handler.o
    0x0002f5a0   0x0002f5a0   0x00000004   Code   RO         2467    i.pm_im_evt_handler  peer_manager.o
    0x0002f5a4   0x0002f5a4   0x000001c0   Code   RO         2468    i.pm_init           peer_manager.o
    0x0002f764   0x0002f764   0x00000118   Code   RO         2472    i.pm_pdb_evt_handler  peer_manager.o
    0x0002f87c   0x0002f87c   0x00000014   Code   RO         2483    i.pm_peer_delete    peer_manager.o
    0x0002f890   0x0002f890   0x0000011c   Code   RO         2487    i.pm_peer_rank_highest  peer_manager.o
    0x0002f9ac   0x0002f9ac   0x000000e8   Code   RO         2488    i.pm_peer_ranks_get  peer_manager.o
    0x0002fa94   0x0002fa94   0x00000094   Code   RO         2489    i.pm_peers_delete   peer_manager.o
    0x0002fb28   0x0002fb28   0x0000002c   Code   RO         2492    i.pm_register       peer_manager.o
    0x0002fb54   0x0002fb54   0x00000014   Code   RO         2494    i.pm_sec_params_set  peer_manager.o
    0x0002fb68   0x0002fb68   0x0000000a   Code   RO         2495    i.pm_sm_evt_handler  peer_manager.o
    0x0002fb72   0x0002fb72   0x00000002   PAD
    0x0002fb74   0x0002fb74   0x000000b4   Code   RO         3888    i.port_event_handle  nrfx_gpiote.o
    0x0002fc28   0x0002fc28   0x00000010   Code   RO         3889    i.port_handler_polarity_get  nrfx_gpiote.o
    0x0002fc38   0x0002fc38   0x0000003c   Code   RO         6980    i.postfix_process   nrf_log_str_formatter.o
    0x0002fc74   0x0002fc74   0x00000098   Code   RO         6981    i.prefix_process    nrf_log_str_formatter.o
    0x0002fd0c   0x0002fd0c   0x00000018   Code   RO         4152    i.prs_box_get       nrfx_prs.o
    0x0002fd24   0x0002fd24   0x0000001c   Code   RO         5250    i.queue_buf_get     fds.o
    0x0002fd40   0x0002fd40   0x00000010   Code   RO         5251    i.queue_buf_store   fds.o
    0x0002fd50   0x0002fd50   0x00000014   Code   RO         6059    i.queue_free        nrf_fstorage_sd.o
    0x0002fd64   0x0002fd64   0x00000118   Code   RO         1988    i.queue_process     nrf_ble_gq.o
    0x0002fe7c   0x0002fe7c   0x000000a4   Code   RO         5252    i.queue_process     fds.o
    0x0002ff20   0x0002ff20   0x000000a0   Code   RO         6060    i.queue_process     nrf_fstorage_sd.o
    0x0002ffc0   0x0002ffc0   0x0000001c   Code   RO         5253    i.queue_start       fds.o
    0x0002ffdc   0x0002ffdc   0x00000024   Code   RO         6061    i.queue_start       nrf_fstorage_sd.o
    0x00030000   0x00030000   0x00000018   Code   RO         6328    i.queue_utilization_get  nrf_queue.o
    0x00030018   0x00030018   0x00000058   Code   RO         1989    i.queues_purge      nrf_ble_gq.o
    0x00030070   0x00030070   0x0000001c   Code   RO         2776    i.rank_highest      peer_manager_handler.o
    0x0003008c   0x0003008c   0x00000030   Code   RO         2498    i.rank_vars_update  peer_manager.o
    0x000300bc   0x000300bc   0x0000000e   Code   RO         6062    i.read              nrf_fstorage_sd.o
    0x000300ca   0x000300ca   0x00000002   PAD
    0x000300cc   0x000300cc   0x000000a8   Code   RO         2253    i.reattempt_previous_operations  peer_database.o
    0x00030174   0x00030174   0x00000090   Code   RO         5254    i.record_find       fds.o
    0x00030204   0x00030204   0x000000a0   Code   RO         5255    i.record_find_by_desc  fds.o
    0x000302a4   0x000302a4   0x0000005c   Code   RO         5256    i.record_find_next  fds.o
    0x00030300   0x00030300   0x0000003c   Code   RO         5257    i.record_header_flag_dirty  fds.o
    0x0003033c   0x0003033c   0x00000088   Code   RO         5258    i.records_stat      fds.o
    0x000303c4   0x000303c4   0x00000038   Code   RO         1284    i.registered_handler_get  ble_db_discovery.o
    0x000303fc   0x000303fc   0x00000010   Code   RO         2374    i.release           peer_id.o
    0x0003040c   0x0003040c   0x00000048   Code   RO         1990    i.request_err_code_handle  nrf_ble_gq.o
    0x00030454   0x00030454   0x000000b4   Code   RO         1991    i.request_process   nrf_ble_gq.o
    0x00030508   0x00030508   0x00000004   Code   RO         6063    i.rmap              nrf_fstorage_sd.o
    0x0003050c   0x0003050c   0x0000005c   Code   RO         4815    i.rtc_irq           app_timer2.o
    0x00030568   0x00030568   0x0000006c   Code   RO         4816    i.rtc_schedule      app_timer2.o
    0x000305d4   0x000305d4   0x0000008c   Code   RO         4817    i.rtc_update        app_timer2.o
    0x00030660   0x00030660   0x00000032   Code   RO         4223    i.rx_byte           nrfx_uart.o
    0x00030692   0x00030692   0x00000016   Code   RO         4224    i.rx_done_event     nrfx_uart.o
    0x000306a8   0x000306a8   0x00000016   Code   RO         4410    i.rx_done_event     nrfx_uarte.o
    0x000306be   0x000306be   0x00000002   PAD
    0x000306c0   0x000306c0   0x00000024   Code   RO         1467    i.sc_send_pending_handle  gatt_cache_manager.o
    0x000306e4   0x000306e4   0x00000058   Code   RO         3376    i.sd_state_evt_handler  nrf_drv_clock.o
    0x0003073c   0x0003073c   0x00000030   Code   RO         7401    i.sdh_request_observer_notify  nrf_sdh.o
    0x0003076c   0x0003076c   0x0000002c   Code   RO         7402    i.sdh_state_observer_notify  nrf_sdh.o
    0x00030798   0x00030798   0x000000d8   Code   RO         2925    i.sec_info_request_process  security_dispatcher.o
    0x00030870   0x00030870   0x000000f4   Code   RO         2926    i.sec_keyset_fill   security_dispatcher.o
    0x00030964   0x00030964   0x00000076   Code   RO         3066    i.sec_params_verify  security_manager.o
    0x000309da   0x000309da   0x00000002   PAD
    0x000309dc   0x000309dc   0x00000060   Code   RO         2927    i.sec_proc_start    security_dispatcher.o
    0x00030a3c   0x00030a3c   0x0000005c   Code   RO         3067    i.sec_req_process   security_manager.o
    0x00030a98   0x00030a98   0x00000022   Code   RO         2928    i.send_config_req   security_dispatcher.o
    0x00030aba   0x00030aba   0x00000002   PAD
    0x00030abc   0x00030abc   0x00000010   Code   RO         1031    i.send_error_evt    ble_conn_params.o
    0x00030acc   0x00030acc   0x00000028   Code   RO         1468    i.send_unexpected_error  gatt_cache_manager.o
    0x00030af4   0x00030af4   0x00000028   Code   RO         2929    i.send_unexpected_error  security_dispatcher.o
    0x00030b1c   0x00030b1c   0x00000040   Code   RO         6679    i.serial_tx         nrf_log_backend_uart.o
    0x00030b5c   0x00030b5c   0x00000014   Code   RO         1469    i.service_changed_pending_flags_check  gatt_cache_manager.o
    0x00030b70   0x00030b70   0x00000094   Code   RO         1628    i.service_changed_pending_set  gatts_cache_manager.o
    0x00030c04   0x00030c04   0x00000168   Code   RO         1470    i.service_changed_send_in_evt  gatt_cache_manager.o
    0x00030d6c   0x00030d6c   0x00000088   Code   RO          836    i.service_data_encode  ble_advdata.o
    0x00030df4   0x00030df4   0x00000028   Code   RO           23    i.sleep_mode_enter  main.o
    0x00030e1c   0x00030e1c   0x0000002c   Code   RO         3068    i.sm_ble_evt_handler  security_manager.o
    0x00030e48   0x00030e48   0x000000a2   Code   RO         3070    i.sm_conn_sec_status_get  security_manager.o
    0x00030eea   0x00030eea   0x00000002   PAD
    0x00030eec   0x00030eec   0x00000058   Code   RO         3071    i.sm_init           security_manager.o
    0x00030f44   0x00030f44   0x0000000a   Code   RO         3073    i.sm_link_secure    security_manager.o
    0x00030f4e   0x00030f4e   0x00000002   PAD
    0x00030f50   0x00030f50   0x00000044   Code   RO         3074    i.sm_pdb_evt_handler  security_manager.o
    0x00030f94   0x00030f94   0x00000028   Code   RO         3075    i.sm_sec_is_sufficient  security_manager.o
    0x00030fbc   0x00030fbc   0x00000034   Code   RO         3077    i.sm_sec_params_set  security_manager.o
    0x00030ff0   0x00030ff0   0x0000002c   Code   RO         3078    i.sm_smd_evt_handler  security_manager.o
    0x0003101c   0x0003101c   0x000000f4   Code   RO         2930    i.smd_ble_evt_handler  security_dispatcher.o
    0x00031110   0x00031110   0x00000068   Code   RO         2932    i.smd_init          security_dispatcher.o
    0x00031178   0x00031178   0x00000028   Code   RO         2933    i.smd_link_secure   security_dispatcher.o
    0x000311a0   0x000311a0   0x000000ac   Code   RO         2934    i.smd_params_reply  security_dispatcher.o
    0x0003124c   0x0003124c   0x00000040   Code   RO         3079    i.smd_params_reply_perform  security_manager.o
    0x0003128c   0x0003128c   0x00000018   Code   RO         3377    i.soc_evt_handler   nrf_drv_clock.o
    0x000312a4   0x000312a4   0x00000040   Code   RO         7403    i.softdevice_evt_irq_disable  nrf_sdh.o
    0x000312e4   0x000312e4   0x00000058   Code   RO         7404    i.softdevices_evt_irq_enable  nrf_sdh.o
    0x0003133c   0x0003133c   0x0000000c   Code   RO         4818    i.sortlist_pop      app_timer2.o
    0x00031348   0x00031348   0x00000030   Code   RO         4559    i.state_set         app_button.o
    0x00031378   0x00031378   0x00000098   Code   RO         6810    i.std_n             nrf_log_frontend.o
    0x00031410   0x00031410   0x0000006c   Code   RO         1471    i.store_car_value   gatt_cache_manager.o
    0x0003147c   0x0003147c   0x00000098   Code   RO         4819    i.timer_expire      app_timer2.o
    0x00031514   0x00031514   0x00000080   Code   RO         4820    i.timer_req_process  app_timer2.o
    0x00031594   0x00031594   0x00000038   Code   RO         4821    i.timer_req_schedule  app_timer2.o
    0x000315cc   0x000315cc   0x00000018   Code   RO         4560    i.timer_start       app_button.o
    0x000315e4   0x000315e4   0x00000020   Code   RO         4226    i.tx_byte           nrfx_uart.o
    0x00031604   0x00031604   0x0000001a   Code   RO         4227    i.tx_done_event     nrfx_uart.o
    0x0003161e   0x0003161e   0x0000001a   Code   RO         4411    i.tx_done_event     nrfx_uarte.o
    0x00031638   0x00031638   0x00000030   Code   RO         3515    i.uart_evt_handler  nrf_drv_uart.o
    0x00031668   0x00031668   0x0000000c   Code   RO         6680    i.uart_evt_handler  nrf_log_backend_uart.o
    0x00031674   0x00031674   0x00000050   Code   RO         6681    i.uart_init         nrf_log_backend_uart.o
    0x000316c4   0x000316c4   0x0000012a   Code   RO         4228    i.uart_irq_handler  nrfx_uart.o
    0x000317ee   0x000317ee   0x00000002   PAD
    0x000317f0   0x000317f0   0x00000030   Code   RO         3516    i.uarte_evt_handler  nrf_drv_uart.o
    0x00031820   0x00031820   0x00000112   Code   RO         4412    i.uarte_irq_handler  nrfx_uarte.o
    0x00031932   0x00031932   0x0000000a   Code   RO          837    i.uint16_encode     ble_advdata.o
    0x0003193c   0x0003193c   0x00000020   Code   RO         6064    i.uninit            nrf_fstorage_sd.o
    0x0003195c   0x0003195c   0x000000d4   Code   RO           24    i.unread_alert_state_toggle  main.o
    0x00031a30   0x00031a30   0x000000b4   Code   RO         5928    i.unsigned_print    nrf_fprintf_format.o
    0x00031ae4   0x00031ae4   0x00000030   Code   RO         1472    i.update_pending_flags_check  gatt_cache_manager.o
    0x00031b14   0x00031b14   0x00000068   Code   RO         1032    i.update_timeout_handler  ble_conn_params.o
    0x00031b7c   0x00031b7c   0x00000018   Code   RO          944    i.use_whitelist     ble_advertising.o
    0x00031b94   0x00031b94   0x0000000c   Code   RO         1119    i.user_flag_is_acquired  ble_conn_state.o
    0x00031ba0   0x00031ba0   0x00000024   Code   RO         2066    i.user_mem_reply    nrf_ble_qwr.o
    0x00031bc4   0x00031bc4   0x00000020   Code   RO         4561    i.usr_event         app_button.o
    0x00031be4   0x00031be4   0x00000030   Code   RO          838    i.uuid_list_encode  ble_advdata.o
    0x00031c14   0x00031c14   0x0000009e   Code   RO          839    i.uuid_list_sized_encode  ble_advdata.o
    0x00031cb2   0x00031cb2   0x0000003a   Code   RO          595    i.wakeup_button_cfg  bsp.o
    0x00031cec   0x00031cec   0x00000004   Code   RO         6065    i.wmap              nrf_fstorage_sd.o
    0x00031cf0   0x00031cf0   0x00000050   Code   RO         6066    i.write             nrf_fstorage_sd.o
    0x00031d40   0x00031d40   0x0000014c   Code   RO         2254    i.write_buf_store   peer_database.o
    0x00031e8c   0x00031e8c   0x00000034   Code   RO         2255    i.write_buffer_record_find  peer_database.o
    0x00031ec0   0x00031ec0   0x00000030   Code   RO         2256    i.write_buffer_record_find_next  peer_database.o
    0x00031ef0   0x00031ef0   0x0000001c   Code   RO         2257    i.write_buffer_record_invalidate  peer_database.o
    0x00031f0c   0x00031f0c   0x0000002c   Code   RO         2258    i.write_buffer_record_release  peer_database.o
    0x00031f38   0x00031f38   0x000000f4   Code   RO         5259    i.write_enqueue     fds.o
    0x0003202c   0x0003202c   0x000000f8   Code   RO         5260    i.write_execute     fds.o
    0x00032124   0x00032124   0x00000018   Code   RO         5261    i.write_space_free  fds.o
    0x0003213c   0x0003213c   0x00000060   Code   RO         5262    i.write_space_reserve  fds.o
    0x0003219c   0x0003219c   0x00000014   Data   RO           30    .constdata          main.o
    0x000321b0   0x000321b0   0x00000008   Data   RO          482    .constdata          boards.o
    0x000321b8   0x000321b8   0x0000002c   Data   RO          597    .constdata          bsp.o
    0x000321e4   0x000321e4   0x0000007c   Data   RO         1286    .constdata          ble_db_discovery.o
    0x00032260   0x00032260   0x0000006c   Data   RO         1473    .constdata          gatt_cache_manager.o
    0x000322cc   0x000322cc   0x00000004   Data   RO         1629    .constdata          gatts_cache_manager.o
    0x000322d0   0x000322d0   0x00000010   Data   RO         1630    .constdata          gatts_cache_manager.o
    0x000322e0   0x000322e0   0x00000004   Data   RO         1631    .constdata          gatts_cache_manager.o
    0x000322e4   0x000322e4   0x00000008   Data   RO         1738    .constdata          id_manager.o
    0x000322ec   0x000322ec   0x00000016   Data   RO         1891    .constdata          nrf_ble_gatt.o
    0x00032302   0x00032302   0x00000002   PAD
    0x00032304   0x00032304   0x00000018   Data   RO         1992    .constdata          nrf_ble_gq.o
    0x0003231c   0x0003231c   0x00000018   Data   RO         2123    .constdata          peer_data_storage.o
    0x00032334   0x00032334   0x00000010   Data   RO         2260    .constdata          peer_database.o
    0x00032344   0x00032344   0x0000002c   Data   RO         2500    .constdata          peer_manager.o
    0x00032370   0x00032370   0x00000018   Data   RO         2779    .constdata          peer_manager_handler.o
    0x00032388   0x00032388   0x00000078   Data   RO         2936    .constdata          security_dispatcher.o
    0x00032400   0x00032400   0x00000008   Data   RO         3080    .constdata          security_manager.o
    0x00032408   0x00032408   0x00000004   Data   RO         3891    .constdata          nrfx_gpiote.o
    0x0003240c   0x0003240c   0x00000004   Data   RO         4231    .constdata          nrfx_uart.o
    0x00032410   0x00032410   0x00000004   Data   RO         4415    .constdata          nrfx_uarte.o
    0x00032414   0x00032414   0x00000008   Data   RO         4563    .constdata          app_button.o
    0x0003241c   0x0003241c   0x00000014   Data   RO         4824    .constdata          app_timer2.o
    0x00032430   0x00032430   0x00000006   Data   RO         5064    .constdata          drv_rtc.o
    0x00032436   0x00032436   0x00000002   PAD
    0x00032438   0x00032438   0x00000018   Data   RO         5265    .constdata          fds.o
    0x00032450   0x00032450   0x00000010   Data   RO         5929    .constdata          nrf_fprintf_format.o
    0x00032460   0x00032460   0x0000005e   Data   RO         5975    .constdata          nrf_fstorage.o
    0x000324be   0x000324be   0x00000002   PAD
    0x000324c0   0x000324c0   0x00000010   Data   RO         6069    .constdata          nrf_fstorage_sd.o
    0x000324d0   0x000324d0   0x00000020   Data   RO         6070    .constdata          nrf_fstorage_sd.o
    0x000324f0   0x000324f0   0x00000018   Data   RO         6248    .constdata          nrf_pwr_mgmt.o
    0x00032508   0x00032508   0x0000000c   Data   RO         6249    .constdata          nrf_pwr_mgmt.o
    0x00032514   0x00032514   0x0000013c   Data   RO         6586    .constdata          nrf_strerror.o
    0x00032650   0x00032650   0x0000000c   Data   RO         6683    .constdata          nrf_log_backend_uart.o
    0x0003265c   0x0003265c   0x00000020   Data   RO         6684    .constdata          nrf_log_backend_uart.o
    0x0003267c   0x0003267c   0x0000000c   Data   RO         6815    .constdata          nrf_log_frontend.o
    0x00032688   0x00032688   0x00000010   Data   RO         7405    .constdata          nrf_sdh.o
    0x00032698   0x00032698   0x00000028   Data   RO         7406    .constdata          nrf_sdh.o
    0x000326c0   0x000326c0   0x00000010   Data   RO         7407    .constdata          nrf_sdh.o
    0x000326d0   0x000326d0   0x00000010   Data   RO         7408    .constdata          nrf_sdh.o
    0x000326e0   0x000326e0   0x00000020   Data   RO         7516    .constdata          nrf_sdh_ble.o
    0x00032700   0x00032700   0x00000010   Data   RO         7517    .constdata          nrf_sdh_ble.o
    0x00032710   0x00032710   0x00000010   Data   RO         7567    .constdata          nrf_sdh_soc.o
    0x00032720   0x00032720   0x0000000c   Data   RO         7568    .constdata          nrf_sdh_soc.o
    0x0003272c   0x0003272c   0x00000081   Data   RO         7683    .constdata          mc_w.l(ctype_o.o)
    0x000327ad   0x000327ad   0x00000003   PAD
    0x000327b0   0x000327b0   0x00000004   Data   RO         7684    .constdata          mc_w.l(ctype_o.o)
    0x000327b4   0x000327b4   0x00000081   Data   RO           31    .conststring        main.o
    0x00032835   0x00032835   0x00000003   PAD
    0x00032838   0x00032838   0x000000e9   Data   RO         1287    .conststring        ble_db_discovery.o
    0x00032921   0x00032921   0x00000003   PAD
    0x00032924   0x00032924   0x000001a4   Data   RO         1474    .conststring        gatt_cache_manager.o
    0x00032ac8   0x00032ac8   0x0000019c   Data   RO         1632    .conststring        gatts_cache_manager.o
    0x00032c64   0x00032c64   0x000000a2   Data   RO         1892    .conststring        nrf_ble_gatt.o
    0x00032d06   0x00032d06   0x00000002   PAD
    0x00032d08   0x00032d08   0x0000004a   Data   RO         1993    .conststring        nrf_ble_gq.o
    0x00032d52   0x00032d52   0x00000002   PAD
    0x00032d54   0x00032d54   0x000000e8   Data   RO         2124    .conststring        peer_data_storage.o
    0x00032e3c   0x00032e3c   0x00000180   Data   RO         2261    .conststring        peer_database.o
    0x00032fbc   0x00032fbc   0x00000090   Data   RO         2501    .conststring        peer_manager.o
    0x0003304c   0x0003304c   0x0000030f   Data   RO         2780    .conststring        peer_manager_handler.o
    0x0003335b   0x0003335b   0x00000001   PAD
    0x0003335c   0x0003335c   0x000002b2   Data   RO         2937    .conststring        security_dispatcher.o
    0x0003360e   0x0003360e   0x00000002   PAD
    0x00033610   0x00033610   0x0000017b   Data   RO         3081    .conststring        security_manager.o
    0x0003378b   0x0003378b   0x00000001   PAD
    0x0003378c   0x0003378c   0x0000004f   Data   RO         5976    .conststring        nrf_fstorage.o
    0x000337db   0x000337db   0x00000001   PAD
    0x000337dc   0x000337dc   0x000003eb   Data   RO         6587    .conststring        nrf_strerror.o
    0x00033bc7   0x00033bc7   0x00000001   PAD
    0x00033bc8   0x00033bc8   0x00000066   Data   RO         6982    .conststring        nrf_log_str_formatter.o
    0x00033c2e   0x00033c2e   0x00000002   PAD
    0x00033c30   0x00033c30   0x00000188   Data   RO         7518    .conststring        nrf_sdh_ble.o
    0x00033db8   0x00033db8   0x0000000c   Data   RO         1288    .conststrlit        ble_db_discovery.o
    0x00033dc4   0x00033dc4   0x00000011   Data   RO         1475    .conststrlit        gatt_cache_manager.o
    0x00033dd5   0x00033dd5   0x00000003   PAD
    0x00033dd8   0x00033dd8   0x00000012   Data   RO         1633    .conststrlit        gatts_cache_manager.o
    0x00033dea   0x00033dea   0x00000002   PAD
    0x00033dec   0x00033dec   0x00000010   Data   RO         1740    .conststrlit        id_manager.o
    0x00033dfc   0x00033dfc   0x0000000d   Data   RO         1893    .conststrlit        nrf_ble_gatt.o
    0x00033e09   0x00033e09   0x00000003   PAD
    0x00033e0c   0x00033e0c   0x0000000b   Data   RO         1994    .conststrlit        nrf_ble_gq.o
    0x00033e17   0x00033e17   0x00000001   PAD
    0x00033e18   0x00033e18   0x00000011   Data   RO         2125    .conststrlit        peer_data_storage.o
    0x00033e29   0x00033e29   0x00000003   PAD
    0x00033e2c   0x00033e2c   0x00000011   Data   RO         2262    .conststrlit        peer_database.o
    0x00033e3d   0x00033e3d   0x00000003   PAD
    0x00033e40   0x00033e40   0x0000000d   Data   RO         2502    .conststrlit        peer_manager.o
    0x00033e4d   0x00033e4d   0x00000003   PAD
    0x00033e50   0x00033e50   0x00000015   Data   RO         2783    .conststrlit        peer_manager_handler.o
    0x00033e65   0x00033e65   0x00000003   PAD
    0x00033e68   0x00033e68   0x00000011   Data   RO         2938    .conststrlit        security_dispatcher.o
    0x00033e79   0x00033e79   0x00000003   PAD
    0x00033e7c   0x00033e7c   0x00000010   Data   RO         3082    .conststrlit        security_manager.o
    0x00033e8c   0x00033e8c   0x0000000a   Data   RO         3249    .conststrlit        ble_ans_c.o
    0x00033e96   0x00033e96   0x00000002   PAD
    0x00033e98   0x00033e98   0x00000006   Data   RO         3383    .conststrlit        nrf_drv_clock.o
    0x00033e9e   0x00033e9e   0x00000002   PAD
    0x00033ea0   0x00033ea0   0x00000006   Data   RO         3722    .conststrlit        nrfx_clock.o
    0x00033ea6   0x00033ea6   0x00000002   PAD
    0x00033ea8   0x00033ea8   0x00000007   Data   RO         3895    .conststrlit        nrfx_gpiote.o
    0x00033eaf   0x00033eaf   0x00000001   PAD
    0x00033eb0   0x00033eb0   0x00000004   Data   RO         4154    .conststrlit        nrfx_prs.o
    0x00033eb4   0x00033eb4   0x00000005   Data   RO         4234    .conststrlit        nrfx_uart.o
    0x00033eb9   0x00033eb9   0x00000003   PAD
    0x00033ebc   0x00033ebc   0x00000006   Data   RO         4418    .conststrlit        nrfx_uarte.o
    0x00033ec2   0x00033ec2   0x00000002   PAD
    0x00033ec4   0x00033ec4   0x0000000b   Data   RO         4564    .conststrlit        app_button.o
    0x00033ecf   0x00033ecf   0x00000001   PAD
    0x00033ed0   0x00033ed0   0x0000000a   Data   RO         4825    .conststrlit        app_timer2.o
    0x00033eda   0x00033eda   0x00000002   PAD
    0x00033edc   0x00033edc   0x0000000d   Data   RO         5977    .conststrlit        nrf_fstorage.o
    0x00033ee9   0x00033ee9   0x00000003   PAD
    0x00033eec   0x00033eec   0x00000009   Data   RO         6250    .conststrlit        nrf_pwr_mgmt.o
    0x00033ef5   0x00033ef5   0x00000003   PAD
    0x00033ef8   0x00033ef8   0x00000009   Data   RO         6533    .conststrlit        nrf_sortlist.o
    0x00033f01   0x00033f01   0x00000003   PAD
    0x00033f04   0x00033f04   0x00000011   Data   RO         6749    .conststrlit        nrf_log_default_backends.o
    0x00033f15   0x00033f15   0x00000003   PAD
    0x00033f18   0x00033f18   0x00000004   Data   RO         6816    .conststrlit        nrf_log_frontend.o
    0x00033f1c   0x00033f1c   0x00000008   Data   RO         7409    .conststrlit        nrf_sdh.o
    0x00033f24   0x00033f24   0x0000000c   Data   RO         7519    .conststrlit        nrf_sdh_ble.o
    0x00033f30   0x00033f30   0x0000000c   Data   RO         7569    .conststrlit        nrf_sdh_soc.o
    0x00033f3c   0x00033f3c   0x00000020   Data   RO         7744    Region$$Table       anon$$obj.o
    0x00033f5c   0x00033f5c   0x00000010   Data   RO         6751    log_backends        nrf_log_default_backends.o
    0x00033f6c   0x00033f6c   0x00000008   Data   RO         1290    log_const_data      ble_db_discovery.o
    0x00033f74   0x00033f74   0x00000008   Data   RO         1477    log_const_data      gatt_cache_manager.o
    0x00033f7c   0x00033f7c   0x00000008   Data   RO         1635    log_const_data      gatts_cache_manager.o
    0x00033f84   0x00033f84   0x00000008   Data   RO         1742    log_const_data      id_manager.o
    0x00033f8c   0x00033f8c   0x00000008   Data   RO         1894    log_const_data      nrf_ble_gatt.o
    0x00033f94   0x00033f94   0x00000008   Data   RO         1995    log_const_data      nrf_ble_gq.o
    0x00033f9c   0x00033f9c   0x00000008   Data   RO         2127    log_const_data      peer_data_storage.o
    0x00033fa4   0x00033fa4   0x00000008   Data   RO         2264    log_const_data      peer_database.o
    0x00033fac   0x00033fac   0x00000008   Data   RO         2504    log_const_data      peer_manager.o
    0x00033fb4   0x00033fb4   0x00000008   Data   RO         2787    log_const_data      peer_manager_handler.o
    0x00033fbc   0x00033fbc   0x00000008   Data   RO         2940    log_const_data      security_dispatcher.o
    0x00033fc4   0x00033fc4   0x00000008   Data   RO         3084    log_const_data      security_manager.o
    0x00033fcc   0x00033fcc   0x00000008   Data   RO         3250    log_const_data      ble_ans_c.o
    0x00033fd4   0x00033fd4   0x00000008   Data   RO         3384    log_const_data      nrf_drv_clock.o
    0x00033fdc   0x00033fdc   0x00000008   Data   RO         3724    log_const_data      nrfx_clock.o
    0x00033fe4   0x00033fe4   0x00000008   Data   RO         3896    log_const_data      nrfx_gpiote.o
    0x00033fec   0x00033fec   0x00000008   Data   RO         4156    log_const_data      nrfx_prs.o
    0x00033ff4   0x00033ff4   0x00000008   Data   RO         4235    log_const_data      nrfx_uart.o
    0x00033ffc   0x00033ffc   0x00000008   Data   RO         4419    log_const_data      nrfx_uarte.o
    0x00034004   0x00034004   0x00000008   Data   RO         4567    log_const_data      app_button.o
    0x0003400c   0x0003400c   0x00000008   Data   RO         4828    log_const_data      app_timer2.o
    0x00034014   0x00034014   0x00000008   Data   RO         5978    log_const_data      nrf_fstorage.o
    0x0003401c   0x0003401c   0x00000008   Data   RO         6252    log_const_data      nrf_pwr_mgmt.o
    0x00034024   0x00034024   0x00000008   Data   RO         6534    log_const_data      nrf_sortlist.o
    0x0003402c   0x0003402c   0x00000008   Data   RO         6820    log_const_data      nrf_log_frontend.o
    0x00034034   0x00034034   0x00000008   Data   RO         7411    log_const_data      nrf_sdh.o
    0x0003403c   0x0003403c   0x00000008   Data   RO         7521    log_const_data      nrf_sdh_ble.o
    0x00034044   0x00034044   0x00000008   Data   RO         7570    log_const_data      nrf_sdh_soc.o
    0x0003404c   0x0003404c   0x00000014   Data   RO           37    nrf_balloc          main.o
    0x00034060   0x00034060   0x00000014   Data   RO         6821    nrf_balloc          nrf_log_frontend.o
    0x00034074   0x00034074   0x00000014   Data   RO           38    nrf_queue           main.o
    0x00034088   0x00034088   0x00000008   Data   RO         1121    sdh_ble_observers0  ble_conn_state.o
    0x00034090   0x00034090   0x00000020   Data   RO           39    sdh_ble_observers1  main.o
    0x000340b0   0x000340b0   0x00000008   Data   RO          703    sdh_ble_observers1  bsp_btn_ble.o
    0x000340b8   0x000340b8   0x00000008   Data   RO         1035    sdh_ble_observers1  ble_conn_params.o
    0x000340c0   0x000340c0   0x00000008   Data   RO         2505    sdh_ble_observers1  peer_manager.o
    0x000340c8   0x000340c8   0x00000010   Data   RO           40    sdh_ble_observers2  main.o
    0x000340d8   0x000340d8   0x00000008   Data   RO           41    sdh_ble_observers3  main.o
    0x000340e0   0x000340e0   0x00000008   Data   RO         6072    sdh_req_observers0  nrf_fstorage_sd.o
    0x000340e8   0x000340e8   0x00000008   Data   RO         3385    sdh_soc_observers0  nrf_drv_clock.o
    0x000340f0   0x000340f0   0x00000008   Data   RO         6073    sdh_soc_observers0  nrf_fstorage_sd.o
    0x000340f8   0x000340f8   0x00000008   Data   RO         7522    sdh_stack_observers0  nrf_sdh_ble.o
    0x00034100   0x00034100   0x00000008   Data   RO         7571    sdh_stack_observers0  nrf_sdh_soc.o
    0x00034108   0x00034108   0x00000008   Data   RO         3386    sdh_state_observers0  nrf_drv_clock.o
    0x00034110   0x00034110   0x00000008   Data   RO         6074    sdh_state_observers0  nrf_fstorage_sd.o


    Execution Region RW_IRAM1 (Exec base: 0x20002250, Load base: 0x00034118, Size: 0x00003bb0, Max: 0x0000ddb0, ABSOLUTE, COMPRESSED[0x000000ec])

    Exec Addr    Load Addr    Size         Type   Attr      Idx    E Section Name        Object

    0x20002250   COMPRESSED   0x00000610   Data   RW           32    .data               main.o
    0x20002860   COMPRESSED   0x00000002   Data   RW           33    .data               main.o
    0x20002862   COMPRESSED   0x00000004   Data   RW           34    .data               main.o
    0x20002866   COMPRESSED   0x00000008   Data   RW           35    .data               main.o
    0x2000286e   COMPRESSED   0x00000002   PAD
    0x20002870   COMPRESSED   0x00000008   Data   RW           36    .data               main.o
    0x20002878   COMPRESSED   0x00000010   Data   RW          598    .data               bsp.o
    0x20002888   COMPRESSED   0x00000020   Data   RW          599    .data               bsp.o
    0x200028a8   COMPRESSED   0x00000020   Data   RW          600    .data               bsp.o
    0x200028c8   COMPRESSED   0x00000020   Data   RW          601    .data               bsp.o
    0x200028e8   COMPRESSED   0x00000008   Data   RW          702    .data               bsp_btn_ble.o
    0x200028f0   COMPRESSED   0x00000008   Data   RW         1034    .data               ble_conn_params.o
    0x200028f8   COMPRESSED   0x00000010   Data   RW         1289    .data               ble_db_discovery.o
    0x20002908   COMPRESSED   0x00000010   Data   RW         1476    .data               gatt_cache_manager.o
    0x20002918   COMPRESSED   0x0000000c   Data   RW         1634    .data               gatts_cache_manager.o
    0x20002924   COMPRESSED   0x0000000c   Data   RW         2126    .data               peer_data_storage.o
    0x20002930   COMPRESSED   0x00000008   Data   RW         2263    .data               peer_database.o
    0x20002938   COMPRESSED   0x00000010   Data   RW         2503    .data               peer_manager.o
    0x20002948   COMPRESSED   0x00000060   Data   RW         2784    .data               peer_manager_handler.o
    0x200029a8   COMPRESSED   0x00000020   Data   RW         2786    .data               peer_manager_handler.o
    0x200029c8   COMPRESSED   0x00000005   Data   RW         2939    .data               security_dispatcher.o
    0x200029cd   COMPRESSED   0x00000003   PAD
    0x200029d0   COMPRESSED   0x00000015   Data   RW         3083    .data               security_manager.o
    0x200029e5   COMPRESSED   0x00000003   PAD
    0x200029e8   COMPRESSED   0x0000000c   Data   RW         3517    .data               nrf_drv_uart.o
    0x200029f4   COMPRESSED   0x00000008   Data   RW         3723    .data               nrfx_clock.o
    0x200029fc   COMPRESSED   0x00000008   Data   RW         4155    .data               nrfx_prs.o
    0x20002a04   COMPRESSED   0x00000004   PAD
    0x20002a08   COMPRESSED   0x00000018   Data   RW         4565    .data               app_button.o
    0x20002a20   COMPRESSED   0x00000020   Data   RW         4566    .data               app_button.o
    0x20002a40   COMPRESSED   0x00000020   Data   RW         4826    .data               app_timer2.o
    0x20002a60   COMPRESSED   0x00000004   Data   RW         4827    .data               app_timer2.o
    0x20002a64   COMPRESSED   0x0000000c   Data   RW         5065    .data               drv_rtc.o
    0x20002a70   COMPRESSED   0x00000030   Data   RW         5266    .data               fds.o
    0x20002aa0   COMPRESSED   0x00000008   Data   RW         6071    .data               nrf_fstorage_sd.o
    0x20002aa8   COMPRESSED   0x00000008   Data   RW         6251    .data               nrf_pwr_mgmt.o
    0x20002ab0   COMPRESSED   0x00000018   Data   RW         6685    .data               nrf_log_backend_uart.o
    0x20002ac8   COMPRESSED   0x00000008   Data   RW         6750    .data               nrf_log_default_backends.o
    0x20002ad0   COMPRESSED   0x00000004   Data   RW         6817    .data               nrf_log_frontend.o
    0x20002ad4   COMPRESSED   0x00000008   Data   RW         6818    .data               nrf_log_frontend.o
    0x20002adc   COMPRESSED   0x00000008   Data   RW         6819    .data               nrf_log_frontend.o
    0x20002ae4   COMPRESSED   0x00000040   Data   RW         6983    .data               nrf_log_str_formatter.o
    0x20002b24   COMPRESSED   0x00000003   Data   RW         7410    .data               nrf_sdh.o
    0x20002b27   COMPRESSED   0x00000001   Data   RW         7520    .data               nrf_sdh_ble.o
    0x20002b28   COMPRESSED   0x00000004   Data   RW         7612    .data               system_nrf52.o
    0x20002b2c   COMPRESSED   0x00000014   Data   RW         5267    fs_data             fds.o
    0x20002b40        -       0x000004c6   Zero   RW           25    .bss                main.o
    0x20003006   COMPRESSED   0x00000002   PAD
    0x20003008        -       0x000000a0   Zero   RW           26    .bss                main.o
    0x200030a8        -       0x0000000c   Zero   RW           27    .bss                main.o
    0x200030b4        -       0x0000000c   Zero   RW           28    .bss                main.o
    0x200030c0        -       0x000000c0   Zero   RW           29    .bss                main.o
    0x20003180        -       0x0000000c   Zero   RW          596    .bss                bsp.o
    0x2000318c   COMPRESSED   0x00000004   PAD
    0x20003190        -       0x00000050   Zero   RW         1033    .bss                ble_conn_params.o
    0x200031e0        -       0x0000007c   Zero   RW         1120    .bss                ble_conn_state.o
    0x2000325c        -       0x00000018   Zero   RW         1285    .bss                ble_db_discovery.o
    0x20003274        -       0x000000d8   Zero   RW         1737    .bss                id_manager.o
    0x2000334c        -       0x00000180   Zero   RW         2259    .bss                peer_database.o
    0x200034cc        -       0x00000040   Zero   RW         2375    .bss                peer_id.o
    0x2000350c        -       0x0000000c   Zero   RW         2499    .bss                peer_manager.o
    0x20003518        -       0x00000040   Zero   RW         2935    .bss                security_dispatcher.o
    0x20003558        -       0x00000014   Zero   RW         3378    .bss                nrf_drv_clock.o
    0x2000356c        -       0x0000005c   Zero   RW         3890    .bss                nrfx_gpiote.o
    0x200035c8        -       0x0000002c   Zero   RW         4229    .bss                nrfx_uart.o
    0x200035f4        -       0x00000024   Zero   RW         4413    .bss                nrfx_uarte.o
    0x20003618        -       0x00000010   Zero   RW         4562    .bss                app_button.o
    0x20003628        -       0x00000010   Zero   RW         4822    .bss                app_timer2.o
    0x20003638        -       0x00000058   Zero   RW         4823    .bss                app_timer2.o
    0x20003690        -       0x0000000c   Zero   RW         4952    .bss                app_util_platform.o
    0x2000369c        -       0x00000010   Zero   RW         5263    .bss                fds.o
    0x200036ac        -       0x000000e0   Zero   RW         5264    .bss                fds.o
    0x2000378c        -       0x00000010   Zero   RW         6067    .bss                nrf_fstorage_sd.o
    0x2000379c        -       0x000000a0   Zero   RW         6068    .bss                nrf_fstorage_sd.o
    0x2000383c        -       0x0000000c   Zero   RW         6247    .bss                nrf_pwr_mgmt.o
    0x20003848        -       0x00000040   Zero   RW         6682    .bss                nrf_log_backend_uart.o
    0x20003888        -       0x000000c0   Zero   RW         6811    .bss                nrf_log_frontend.o
    0x20003948        -       0x00000080   Zero   RW         6812    .bss                nrf_log_frontend.o
    0x200039c8        -       0x00000018   Zero   RW         6813    .bss                nrf_log_frontend.o
    0x200039e0        -       0x00000420   Zero   RW         6814    .bss                nrf_log_frontend.o
    0x20003e00        -       0x00002000   Zero   RW         7598    STACK               arm_startup_nrf52.o


==============================================================================

Image component sizes


      Code (inc. data)   RO Data    RW Data    ZI Data      Debug   Object Name

       664         66         27         56         16      17802   app_button.o
        22          0          0          0          0       2533   app_error.o
       132         46          0          0          0      34157   app_error_weak.o
         0          0          0          0          0      37190   app_scheduler.o
      1052         90         38         36        104      17229   app_timer2.o
       124         14          0          0         12      10690   app_util_platform.o
        36          8        512          0       8192        932   arm_startup_nrf52.o
      1338          0          0          0          0      53500   ble_advdata.o
      1018          6          0          0          0      10175   ble_advertising.o
      1166         30         18          0          0      17230   ble_ans_c.o
       636         44          8          8         80       9347   ble_conn_params.o
       772         62          8          0        124      15765   ble_conn_state.o
      1966        156        377         16         24      20607   ble_db_discovery.o
         8          0          0          0          0       1486   ble_srv_common.o
       358         40          8          0          0      14503   boards.o
       998         84         44        112         12      16059   bsp.o
       252         10          8          8          0       4824   bsp_btn_ble.o
       704         76          6         12          0      48701   drv_rtc.o
      3872        348         24         68        240      50998   fds.o
      2160        552        553         16          0      34171   gatt_cache_manager.o
       842        138        462         12          0      17091   gatts_cache_manager.o
       946         34         32          0        216      15132   id_manager.o
      2698        906        245       1574       1598     224045   main.o
       342          0          0          0          0       6754   nrf_atfifo.o
       170          0          0          0          0       4832   nrf_atflags.o
       332          0          0          0          0      10178   nrf_atomic.o
       164          0          0          0          0       3640   nrf_balloc.o
       922        272        205          0          0      37347   nrf_ble_gatt.o
      1122        114        117          0          0      11087   nrf_ble_gq.o
       276          0          0          0          0       4737   nrf_ble_qwr.o
       312         36         30          0         20      43708   nrf_drv_clock.o
       200         26          0         12          0      17852   nrf_drv_uart.o
        50          0          0          0          0       3629   nrf_fprintf.o
       866          4         16          0          0       6590   nrf_fprintf_format.o
       972        432        194          0          0       8068   nrf_fstorage.o
       798         82         72          8        176      16099   nrf_fstorage_sd.o
       200          0          0          0          0      11693   nrf_log_backend_serial.o
       232         44         44         24         64      15946   nrf_log_backend_uart.o
        28          4         33          8          0       3373   nrf_log_default_backends.o
      1522        128         44         20       1400      32251   nrf_log_frontend.o
       570        108        102         64          0       5696   nrf_log_str_formatter.o
       346          0          0          0          0       9643   nrf_memobj.o
       108         16         53          8         12      40034   nrf_pwr_mgmt.o
       406          0          0          0          0       6435   nrf_queue.o
        28          0          0          0          0       2395   nrf_ringbuf.o
       560         60        104          3          0      45420   nrf_sdh.o
       672        232        468          1          0       5881   nrf_sdh_ble.o
        60          4         56          0          0       2480   nrf_sdh_soc.o
        78          0          0          0          0       2788   nrf_section_iter.o
        84          0         17          0          0       4129   nrf_sortlist.o
        76         10       1319          0          0       2755   nrf_strerror.o
       242         32         14          8          0      47176   nrfx_clock.o
      1268        106         19          0         92      65945   nrfx_gpiote.o
       112         16         12          8          0       4512   nrfx_prs.o
      1310         42         17          0         44      30657   nrfx_uart.o
      1312         42         18          0         36      26127   nrfx_uarte.o
      1172        144        281         12          0      16162   peer_data_storage.o
      1434        260        425          8        384      19622   peer_database.o
       314         38          0          0         64       9215   peer_id.o
      1770        450        217         16         12      20435   peer_manager.o
      2014        894        836        128          0      11495   peer_manager_handler.o
       234          0          0          0          0       5491   pm_buffer.o
      1944        268        835          5         64      27207   security_dispatcher.o
      1372        122        411         21          0      54906   security_manager.o
       744         72          0          4          0      32631   system_nrf52.o

    ----------------------------------------------------------------------
     48596       6768       8436       2288      12992    1411188   Object Totals
         0          0         32          0          0          0   (incl. Generated)
        94          0         75         12          6          0   (incl. Padding)

    ----------------------------------------------------------------------

      Code (inc. data)   RO Data    RW Data    ZI Data      Debug   Library Member Name

        86          0          0          0          0          0   __dczerorl2.o
         8          4        133          0          0         68   ctype_o.o
         0          0          0          0          0          0   entry.o
         0          0          0          0          0          0   entry10a.o
         0          0          0          0          0          0   entry11a.o
         8          4          0          0          0          0   entry2.o
         4          0          0          0          0          0   entry5.o
         0          0          0          0          0          0   entry7b.o
         0          0          0          0          0          0   entry8b.o
         8          4          0          0          0          0   entry9a.o
        30          0          0          0          0          0   handlers.o
        36          8          0          0          0         68   init.o
        30          0          0          0          0         68   llshl.o
        32          0          0          0          0         68   llushr.o
        26          0          0          0          0         80   memcmp.o
        36          0          0          0          0         68   memcpya.o
        36          0          0          0          0        108   memseta.o
        14          0          0          0          0         68   strlen.o
        98          0          0          0          0         92   uldiv.o

    ----------------------------------------------------------------------
       456         20        136          0          0        688   Library Totals
         4          0          3          0          0          0   (incl. Padding)

    ----------------------------------------------------------------------

      Code (inc. data)   RO Data    RW Data    ZI Data      Debug   Library Name

       452         20        133          0          0        688   mc_w.l

    ----------------------------------------------------------------------
       456         20        136          0          0        688   Library Totals

    ----------------------------------------------------------------------

==============================================================================


      Code (inc. data)   RO Data    RW Data    ZI Data      Debug   

     49052       6788       8572       2288      12992    1353052   Grand Totals
     49052       6788       8572        236      12992    1353052   ELF Image Totals (compressed)
     49052       6788       8572        236          0          0   ROM Totals

==============================================================================

    Total RO  Size (Code + RO Data)                57624 (  56.27kB)
    Total RW  Size (RW Data + ZI Data)             15280 (  14.92kB)
    Total ROM Size (Code + RO Data + RW Data)      57860 (  56.50kB)

==============================================================================

